Component: ARM Compiler 5.05 update 1 (build 106) Tool: armlink [4d0efa]

==============================================================================

Section Cross References

    startup_stm32f10x_md.o(STACK) refers (Special) to heapauxi.o(.text) for __use_two_region_memory
    startup_stm32f10x_md.o(HEAP) refers (Special) to heapauxi.o(.text) for __use_two_region_memory
    startup_stm32f10x_md.o(RESET) refers (Special) to heapauxi.o(.text) for __use_two_region_memory
    startup_stm32f10x_md.o(RESET) refers to startup_stm32f10x_md.o(STACK) for __initial_sp
    startup_stm32f10x_md.o(RESET) refers to startup_stm32f10x_md.o(.text) for Reset_Handler
    startup_stm32f10x_md.o(RESET) refers to stm32f10x_it.o(.text) for NMI_Handler
    startup_stm32f10x_md.o(RESET) refers to timer.o(.text) for TIM3_IRQHandler
    startup_stm32f10x_md.o(RESET) refers to stm32_usart.o(.text) for USART1_IRQHandler
    startup_stm32f10x_md.o(.text) refers (Special) to heapauxi.o(.text) for __use_two_region_memory
    startup_stm32f10x_md.o(.text) refers to system_stm32f10x.o(.text) for SystemInit
    startup_stm32f10x_md.o(.text) refers to __main.o(!!!main) for __main
    startup_stm32f10x_md.o(.text) refers to startup_stm32f10x_md.o(HEAP) for Heap_Mem
    startup_stm32f10x_md.o(.text) refers to startup_stm32f10x_md.o(STACK) for Stack_Mem
    stm32f10x_gpio.o(.text) refers to stm32f10x_rcc.o(.text) for RCC_APB2PeriphResetCmd
    stm32f10x_rcc.o(.text) refers to stm32f10x_rcc.o(.data) for APBAHBPrescTable
    stm32f10x_tim.o(.text) refers to stm32f10x_rcc.o(.text) for RCC_APB2PeriphResetCmd
    stm32f10x_usart.o(.text) refers to stm32f10x_rcc.o(.text) for RCC_APB2PeriphResetCmd
    led.o(.text) refers to stm32f10x_rcc.o(.text) for RCC_APB2PeriphClockCmd
    led.o(.text) refers to stm32f10x_gpio.o(.text) for GPIO_PinRemapConfig
    key.o(.text) refers to stm32f10x_rcc.o(.text) for RCC_APB2PeriphClockCmd
    key.o(.text) refers to stm32f10x_gpio.o(.text) for GPIO_Init
    key.o(.text) refers to delay.o(.text) for delay_ms
    key.o(.text) refers to key.o(.data) for key_up
    timer.o(.text) refers to stm32f10x_rcc.o(.text) for RCC_APB1PeriphClockCmd
    timer.o(.text) refers to stm32f10x_tim.o(.text) for TIM_TimeBaseInit
    timer.o(.text) refers to misc.o(.text) for NVIC_Init
    timer.o(.text) refers to stm32_usart.o(.text) for Uart1SendStr
    timer.o(.text) refers to stm32_usart.o(.bss) for Uart2_Buff
    timer.o(.text) refers to stm32_usart.o(.data) for Uart2_RcvCnt
    delay.o(.text) refers to stm32f10x_it.o(.data) for ms_delay
    sys.o(.text) refers to misc.o(.text) for NVIC_PriorityGroupConfig
    stm32_usart.o(.text) refers (Special) to use_no_semi_2.o(.text) for __use_no_semihosting
    stm32_usart.o(.text) refers to stm32f10x_rcc.o(.text) for RCC_APB2PeriphClockCmd
    stm32_usart.o(.text) refers to stm32f10x_gpio.o(.text) for GPIO_Init
    stm32_usart.o(.text) refers to misc.o(.text) for NVIC_Init
    stm32_usart.o(.text) refers to stm32f10x_usart.o(.text) for USART_Init
    stm32_usart.o(.text) refers to stm32_usart.o(.data) for Uart1_RcvCnt
    stm32_usart.o(.text) refers to stm32_usart.o(.bss) for Uart1_Buff
    stm32_usart.o(.bss) refers (Special) to use_no_semi_2.o(.text) for __use_no_semihosting
    stm32_usart.o(.data) refers (Special) to use_no_semi_2.o(.text) for __use_no_semihosting
    main.o(.text) refers to system_stm32f10x.o(.text) for SystemInit
    main.o(.text) refers to led.o(.text) for LED_Init
    main.o(.text) refers to sys.o(.text) for NVIC_Configuration
    main.o(.text) refers to stm32_usart.o(.text) for Uart1Init
    main.o(.text) refers to common.o(.text) for C_bt_init
    main.o(.text) refers to delay.o(.text) for delay_ms
    main.o(.text) refers to stm32f10x_it.o(.data) for ms_delay_counter
    main.o(.text) refers to main.o(.data) for ledstat
    main.o(.text) refers to stm32_usart.o(.data) for Uart1_RcvCnt
    main.o(.text) refers to stm32_usart.o(.bss) for Uart1_Buff
    stm32f10x_it.o(.text) refers to stm32f10x_it.o(.data) for ms_delay_counter
    system_stm32f10x.o(.text) refers to system_stm32f10x.o(.data) for SystemCoreClock
    bt.o(.text) refers to _printf_pad.o(.text) for _printf_pre_padding
    bt.o(.text) refers to _printf_percent.o(.ARM.Collect$$_printf_percent$$00000000) for _printf_percent
    bt.o(.text) refers to _printf_x.o(.ARM.Collect$$_printf_percent$$0000000C) for _printf_x
    bt.o(.text) refers to _printf_c.o(.ARM.Collect$$_printf_percent$$00000013) for _printf_c
    bt.o(.text) refers to _printf_hex_int.o(.text) for _printf_longlong_hex
    bt.o(.text) refers to _printf_str.o(.text) for _printf_str
    bt.o(.text) refers to _printf_d.o(.ARM.Collect$$_printf_percent$$00000009) for _printf_d
    bt.o(.text) refers to _printf_dec.o(.text) for _printf_int_dec
    bt.o(.text) refers to noretval__2printf.o(.text) for __2printf
    bt.o(.text) refers to pan1026.o(.text) for pan1026::TxResume()
    bt.o(.text) refers to delay.o(.text) for delay_ms
[...]
    ../clib/printf_percent.s                 0x00000000   Number         0  _printf_d.o ABSOLUTE
    ../clib/printf_percent.s                 0x00000000   Number         0  _printf_percent.o ABSOLUTE
    ../clib/printf_percent.s                 0x00000000   Number         0  _printf_c.o ABSOLUTE
    ../clib/signal.c                         0x00000000   Number         0  defsig_general.o ABSOLUTE
    ../clib/signal.c                         0x00000000   Number         0  __raise.o ABSOLUTE
    ../clib/signal.c                         0x00000000   Number         0  defsig_rtred_inner.o ABSOLUTE
    ../clib/signal.c                         0x00000000   Number         0  defsig_exit.o ABSOLUTE
    ../clib/signal.c                         0x00000000   Number         0  defsig_rtmem_inner.o ABSOLUTE
    ../clib/signal.c                         0x00000000   Number         0  defsig_segv_inner.o ABSOLUTE
    ../clib/signal.c                         0x00000000   Number         0  defsig_other.o ABSOLUTE
    ../clib/signal.c                         0x00000000   Number         0  defsig_cppl_inner.o ABSOLUTE
    ../clib/signal.c                         0x00000000   Number         0  defsig_pvfn_inner.o ABSOLUTE
    ../clib/signal.c                         0x00000000   Number         0  defsig_rtmem_outer.o ABSOLUTE
    ../clib/signal.c                         0x00000000   Number         0  defsig_fpe_inner.o ABSOLUTE
    ../clib/signal.c                         0x00000000   Number         0  defsig_stak_inner.o ABSOLUTE
    ../clib/signal.c                         0x00000000   Number         0  defsig_abrt_inner.o ABSOLUTE
    ../clib/signal.c                         0x00000000   Number         0  defsig_rtmem_formal.o ABSOLUTE
    ../clib/signal.s                         0x00000000   Number         0  defsig.o ABSOLUTE
    ../clib/stdio.c                          0x00000000   Number         0  ferror.o ABSOLUTE
    ../clib/stdio.c                          0x00000000   Number         0  ferror_locked.o ABSOLUTE
    ../clib/stdlib.c                         0x00000000   Number         0  atexit_cpp.o ABSOLUTE
    ../clib/stdlib.c                         0x00000000   Number         0  exit.o ABSOLUTE
    ../clib/string.c                         0x00000000   Number         0  strcpy.o ABSOLUTE
    ../clib/string.c                         0x00000000   Number         0  strlen.o ABSOLUTE
    ../fplib/fpinit.s                        0x00000000   Number         0  fpinit.o ABSOLUTE
    ..\CORE\core_cm3.c                       0x00000000   Number         0  core_cm3.o ABSOLUTE
    ..\CORE\startup_stm32f10x_md.s           0x00000000   Number         0  startup_stm32f10x_md.o ABSOLUTE
    ..\HARDWARE\KEY\key.c                    0x00000000   Number         0  key.o ABSOLUTE
    ..\HARDWARE\LED\led.c                    0x00000000   Number         0  led.o ABSOLUTE
    ..\HARDWARE\TIMER\timer.c                0x00000000   Number         0  timer.o ABSOLUTE
    ..\STM32F10x_FWLib\src\misc.c            0x00000000   Number         0  misc.o ABSOLUTE
    ..\STM32F10x_FWLib\src\stm32f10x_gpio.c  0x00000000   Number         0  stm32f10x_gpio.o ABSOLUTE
    ..\STM32F10x_FWLib\src\stm32f10x_rcc.c   0x00000000   Number         0  stm32f10x_rcc.o ABSOLUTE
    ..\STM32F10x_FWLib\src\stm32f10x_tim.c   0x00000000   Number         0  stm32f10x_tim.o ABSOLUTE
    ..\STM32F10x_FWLib\src\stm32f10x_usart.c 0x00000000   Number         0  stm32f10x_usart.o ABSOLUTE
    ..\SYSTEM\delay\delay.c                  0x00000000   Number         0  delay.o ABSOLUTE
    ..\SYSTEM\stm32_usart\stm32_usart.c      0x00000000   Number         0  stm32_usart.o ABSOLUTE
    ..\SYSTEM\sys\sys.c                      0x00000000   Number         0  sys.o ABSOLUTE
    ..\\CORE\\core_cm3.c                     0x00000000   Number         0  core_cm3.o ABSOLUTE
    ..\bluetooth\bt.cpp                      0x00000000   Number         0  bt.o ABSOLUTE
    ..\bluetooth\common.cpp                  0x00000000   Number         0  common.o ABSOLUTE
    ..\bluetooth\pan1026.cpp                 0x00000000   Number         0  pan1026.o ABSOLUTE
    dc.s                                     0x00000000   Number         0  dc.o ABSOLUTE
    main.c                                   0x00000000   Number         0  main.o ABSOLUTE
    stm32f10x_it.c                           0x00000000   Number         0  stm32f10x_it.o ABSOLUTE
    system_stm32f10x.c                       0x00000000   Number         0  system_stm32f10x.o ABSOLUTE
    RESET                                    0x08000000   Section      236  startup_stm32f10x_md.o(RESET)
    !!!main                                  0x080000ec   Section        8  __main.o(!!!main)
    !!!scatter                               0x080000f4   Section       52  __scatter.o(!!!scatter)
    !!handler_copy                           0x08000128   Section       26  __scatter_copy.o(!!handler_copy)
    !!handler_zi                             0x08000144   Section       28  __scatter_zi.o(!!handler_zi)
    .ARM.Collect$$_printf_percent$$00000000  0x08000160   Section        0  _printf_percent.o(.ARM.Collect$$_printf_percent$$00000000)
    .ARM.Collect$$_printf_percent$$00000009  0x08000160   Section        6  _printf_d.o(.ARM.Collect$$_printf_percent$$00000009)
    .ARM.Collect$$_printf_percent$$0000000C  0x08000166   Section        6  _printf_x.o(.ARM.Collect$$_printf_percent$$0000000C)
    .ARM.Collect$$_printf_percent$$00000013  0x0800016c   Section        6  _printf_c.o(.ARM.Collect$$_printf_percent$$00000013)
    .ARM.Collect$$_printf_percent$$00000017  0x08000172   Section        4  _printf_percent_end.o(.ARM.Collect$$_printf_percent$$00000017)
    .ARM.Collect$$libinit$$00000000          0x08000176   Section        2  libinit.o(.ARM.Collect$$libinit$$00000000)
    .ARM.Collect$$libinit$$00000002          0x08000178   Section        0  libinit2.o(.ARM.Collect$$libinit$$00000002)
    .ARM.Collect$$libinit$$00000004          0x08000178   Section        0  libinit2.o(.ARM.Collect$$libinit$$00000004)
    .ARM.Collect$$libinit$$00000005          0x08000178   Section        8  libinit2.o(.ARM.Collect$$libinit$$00000005)
    .ARM.Collect$$libinit$$0000000A          0x08000180   Section        0  libinit2.o(.ARM.Collect$$libinit$$0000000A)
    .ARM.Collect$$libinit$$0000000C          0x08000180   Section        0  libinit2.o(.ARM.Collect$$libinit$$0000000C)
    .ARM.Collect$$libinit$$0000000E          0x08000180   Section        0  libinit2.o(.ARM.Collect$$libinit$$0000000E)
    .ARM.Collect$$libinit$$00000011          0x08000180   Section        0  libinit2.o(.ARM.Collect$$libinit$$00000011)
    .ARM.Collect$$libinit$$00000013          0x08000180   Section        0  libinit2.o(.ARM.Collect$$libinit$$00000013)
    .ARM.Collect$$libinit$$00000015          0x08000180   Section        0  libinit2.o(.ARM.Collect$$libinit$$00000015)
    .ARM.Collect$$libinit$$00000017          0x08000180   Section        0  libinit2.o(.ARM.Collect$$libinit$$00000017)
    .ARM.Collect$$libinit$$00000019          0x08000180   Section        0  libinit2.o(.ARM.Collect$$libinit$$00000019)
    .ARM.Collect$$libinit$$0000001B          0x08000180   Section        0  libinit2.o(.ARM.Collect$$libinit$$0000001B)
    .ARM.Collect$$libinit$$0000001D          0x08000180   Section        0  libinit2.o(.ARM.Collect$$libinit$$0000001D)
    .ARM.Collect$$libinit$$0000001F          0x08000180   Section        0  libinit2.o(.ARM.Collect$$libinit$$0000001F)
    .ARM.Collect$$libinit$$00000021          0x08000180   Section        0  libinit2.o(.ARM.Collect$$libinit$$00000021)
    .ARM.Collect$$libinit$$00000023          0x08000180   Section        0  libinit2.o(.ARM.Collect$$libinit$$00000023)
    .ARM.Collect$$libinit$$00000025          0x08000180   Section        0  libinit2.o(.ARM.Collect$$libinit$$00000025)
    .ARM.Collect$$libinit$$0000002C          0x08000180   Section        0  libinit2.o(.ARM.Collect$$libinit$$0000002C)
    .ARM.Collect$$libinit$$0000002E          0x08000180   Section        0  libinit2.o(.ARM.Collect$$libinit$$0000002E)
    .ARM.Collect$$libinit$$00000030          0x08000180   Section        0  libinit2.o(.ARM.Collect$$libinit$$00000030)
    .ARM.Collect$$libinit$$00000031          0x08000180   Section        4  libinit2.o(.ARM.Collect$$libinit$$00000031)
    .ARM.Collect$$libinit$$00000032          0x08000184   Section        0  libinit2.o(.ARM.Collect$$libinit$$00000032)
    .ARM.Collect$$libinit$$00000033          0x08000184   Section        2  libinit2.o(.ARM.Collect$$libinit$$00000033)
    .ARM.Collect$$libshutdown$$00000000      0x08000186   Section        2  libshutdown.o(.ARM.Collect$$libshutdown$$00000000)
    .ARM.Collect$$libshutdown$$00000001      0x08000188   Section        6  libshutdown2.o(.ARM.Collect$$libshutdown$$00000001)
    .ARM.Collect$$libshutdown$$00000003      0x0800018e   Section        0  libshutdown2.o(.ARM.Collect$$libshutdown$$00000003)
    .ARM.Collect$$libshutdown$$00000006      0x0800018e   Section        0  libshutdown2.o(.ARM.Collect$$libshutdown$$00000006)
    .ARM.Collect$$libshutdown$$00000009      0x0800018e   Section        0  libshutdown2.o(.ARM.Collect$$libshutdown$$00000009)
    .ARM.Collect$$libshutdown$$0000000B      0x0800018e   Section        0  libshutdown2.o(.ARM.Collect$$libshutdown$$0000000B)
    .ARM.Collect$$libshutdown$$0000000E      0x0800018e   Section        0  libshutdown2.o(.ARM.Collect$$libshutdown$$0000000E)
    .ARM.Collect$$libshutdown$$0000000F      0x0800018e   Section        2  libshutdown2.o(.ARM.Collect$$libshutdown$$0000000F)
    .ARM.Collect$$rtentry$$00000000          0x08000190   Section        0  __rtentry.o(.ARM.Collect$$rtentry$$00000000)
    .ARM.Collect$$rtentry$$00000002          0x08000190   Section        0  __rtentry2.o(.ARM.Collect$$rtentry$$00000002)
    .ARM.Collect$$rtentry$$00000004          0x08000190   Section        6  __rtentry4.o(.ARM.Collect$$rtentry$$00000004)
    .ARM.Collect$$rtentry$$00000009          0x08000196   Section        0  __rtentry2.o(.ARM.Collect$$rtentry$$00000009)
    .ARM.Collect$$rtentry$$0000000A          0x08000196   Section        4  __rtentry2.o(.ARM.Collect$$rtentry$$0000000A)
    .ARM.Collect$$rtentry$$0000000C          0x0800019a   Section        0  __rtentry2.o(.ARM.Collect$$rtentry$$0000000C)
    .ARM.Collect$$rtentry$$0000000D          0x0800019a   Section        8  __rtentry2.o(.ARM.Collect$$rtentry$$0000000D)
    .ARM.Collect$$rtexit$$00000000           0x080001a2   Section        2  rtexit.o(.ARM.Collect$$rtexit$$00000000)
    .ARM.Collect$$rtexit$$00000002           0x080001a4   Section        0  rtexit2.o(.ARM.Collect$$rtexit$$00000002)
    .ARM.Collect$$rtexit$$00000003           0x080001a4   Section        4  rtexit2.o(.ARM.Collect$$rtexit$$00000003)
    .ARM.Collect$$rtexit$$00000004           0x080001a8   Section        6  rtexit2.o(.ARM.Collect$$rtexit$$00000004)
    .emb_text                                0x080001b0   Section        0  maybetermalloc1.o(.emb_text)
    .text                                    0x080001b0   Section       64  startup_stm32f10x_md.o(.text)
    .text                                    0x080001f0   Section        0  misc.o(.text)
    .text                                    0x080002cc   Section        0  stm32f10x_gpio.o(.text)
    .text                                    0x08000628   Section        0  stm32f10x_rcc.o(.text)
    .text                                    0x080009d4   Section        0  stm32f10x_tim.o(.text)
    TI4_Config                               0x08000e7b   Thumb Code   130  stm32f10x_tim.o(.text)
    TI3_Config                               0x08000f0f   Thumb Code   122  stm32f10x_tim.o(.text)
    TI2_Config                               0x08000fa3   Thumb Code   130  stm32f10x_tim.o(.text)
    TI1_Config                               0x08001037   Thumb Code   108  stm32f10x_tim.o(.text)
    .text                                    0x080017f0   Section        0  stm32f10x_usart.o(.text)
    .text                                    0x08001bf8   Section        0  led.o(.text)
    .text                                    0x08001c80   Section        0  timer.o(.text)
    .text                                    0x08001d44   Section        0  delay.o(.text)
    .text                                    0x08001d74   Section        0  sys.o(.text)
    .text                                    0x08001d80   Section        0  stm32_usart.o(.text)
    .text                                    0x08002114   Section        0  main.o(.text)
    .text                                    0x08002284   Section        0  stm32f10x_it.o(.text)
    .text                                    0x080022c8   Section        0  system_stm32f10x.o(.text)
    SetSysClockTo72                          0x080022c9   Thumb Code   214  system_stm32f10x.o(.text)
    SetSysClock                              0x0800239f   Thumb Code     8  system_stm32f10x.o(.text)
    .text                                    0x080024b0   Section        0  bt.o(.text)
    __sti___6_bt_cpp_0d6af67c                0x08002713   Thumb Code    20  bt.o(.text)
    .text                                    0x08002860   Section        0  common.o(.text)
    .text                                    0x080029f4   Section        0  pan1026.o(.text)
    .text                                    0x08004af0   Section        2  use_no_semi_2.o(.text)
    .text                                    0x08004af4   Section        0  noretval__2printf.o(.text)
    .text                                    0x08004b0c   Section        0  noretval__2sprintf.o(.text)
    .text                                    0x08004b34   Section        0  _printf_pad.o(.text)
    .text                                    0x08004b82   Section        0  _printf_str.o(.text)
    .text                                    0x08004bd4   Section        0  _printf_dec.o(.text)
    .text                                    0x08004c4c   Section        0  _printf_hex_int.o(.text)
    .text                                    0x08004ca4   Section        0  __printf_flags_wp.o(.text)
    .text                                    0x08004ddc   Section        0  strcpy.o(.text)
    .text                                    0x08004e24   Section        0  strlen.o(.text)
    .text                                    0x08004e62   Section      138  rt_memcpy_v6.o(.text)
    .text                                    0x08004eec   Section       68  rt_memclr.o(.text)
    .text                                    0x08004f30   Section        0  heapauxi.o(.text)
    .text                                    0x08004f38   Section        0  init_aeabi.o(.text)
    .text                                    0x08004f5c   Section        2  use_no_semi.o(.text)
    .text                                    0x08004f60   Section        8  rt_ddtor_pointer_addr_intlibspace.o(.text)
    .text                                    0x08004f68   Section        0  h1_alloc.o(.text)
    .text                                    0x08004fc6   Section        0  _printf_intcommon.o(.text)
    .text                                    0x08005078   Section        0  _printf_char_common.o(.text)
    _printf_input_char                       0x08005079   Thumb Code    10  _printf_char_common.o(.text)
    .text                                    0x080050a8   Section        0  _sputc.o(.text)
    .text                                    0x080050b2   Section        0  _printf_char.o(.text)
    .text                                    0x080050e0   Section        0  _printf_char_file.o(.text)
    .text                                    0x08005104   Section      100  rt_memcpy_w.o(.text)
    .text                                    0x08005168   Section       78  rt_memclr_w.o(.text)
    .text                                    0x080051b8   Section        8  libspace.o(.text)
    .text                                    0x080051c0   Section        8  rt_heap_descriptor_intlibspace.o(.text)
    .text                                    0x080051c8   Section        0  hguard.o(.text)
    .text                                    0x080051cc   Section        0  init_alloc.o(.text)
    .text                                    0x08005256   Section        0  h1_init.o(.text)
    .text                                    0x08005264   Section        0  h1_free.o(.text)
    .text                                    0x080052b2   Section        0  ferror.o(.text)
    .text                                    0x080052ba   Section       74  sys_stackheap_outer.o(.text)
    .text                                    0x08005304   Section        0  h1_extend.o(.text)
    .text                                    0x08005338   Section        0  exit.o(.text)
    .text                                    0x08005344   Section        0  defsig_rtmem_outer.o(.text)
    .text                                    0x08005352   Section        0  defsig_exit.o(.text)
    .text                                    0x0800535c   Section        0  defsig_rtmem_inner.o(.text)
    .text                                    0x080053ac   Section        0  defsig_general.o(.text)
    i.__aeabi_atexit                         0x080053de   Section        0  aeabi_atexit.o(i.__aeabi_atexit)
    i.__cxa_finalize                         0x08005410   Section        0  cxa_finalize.o(i.__cxa_finalize)
    i._is_digit                              0x08005452   Section        0  __printf_wp.o(i._is_digit)
    .constdata                               0x08005460   Section      271  pan1026.o(.constdata)
    TCU_HCI_RESET_REQ                        0x08005460   Data           4  pan1026.o(.constdata)
    TCU_HCI_GET_FIRMWARE_VERSION_REQ         0x08005464   Data          13  pan1026.o(.constdata)
    TCU_HCI_M2_BTL_SET_I2C_ENABLE_REQ        0x08005471   Data          15  pan1026.o(.constdata)
    TCU_HCI_M2_BTL_EEPROM_WRITE_ENABLE_REQ   0x08005480   Data          13  pan1026.o(.constdata)
    TCU_HCI_M2_GENERAL_READ_EEPROM_REQ       0x0800548d   Data          20  pan1026.o(.constdata)
    TCU_HCI_WRITE_BD_ADDR_REQ                0x080054a1   Data           4  pan1026.o(.constdata)
    TCU_HCI_DISABLE_UART_RTSCTS_CONTROL      0x080054a5   Data           7  pan1026.o(.constdata)
    TCU_HCI_SET_MODE_REQ                     0x080054ac   Data           7  pan1026.o(.constdata)
    TCU_MNG_INIT_REQ                         0x080054b3   Data           2  pan1026.o(.constdata)
    TCU_MNG_STANDARD_HCI_SET_REQ_Write_Class_of_Device 0x080054b5   Data          13  pan1026.o(.constdata)
    TCU_SPP_SETUP_REQ                        0x080054c2   Data           7  pan1026.o(.constdata)
    TCU_MNG_SET_SCAN_REQ                     0x080054c9   Data           8  pan1026.o(.constdata)
    TCU_MNG_CONNECTION_ACCEPT_REQ            0x080054d1   Data           2  pan1026.o(.constdata)
    TCU_MNG_SSP_SET_REQ_HCI_IO_Capability_Request_Reply 0x080054d3   Data          10  pan1026.o(.constdata)
    TCU_MNG_SSP_SET_REQ_HCI_User_Confirmation_Request_Reply 0x080054dd   Data          10  pan1026.o(.constdata)
    TCU_MNG_LE_INIT_REQ                      0x080054e7   Data           2  pan1026.o(.constdata)
    TCU_LE_GATT_SER_INIT_REQ                 0x080054e9   Data           7  pan1026.o(.constdata)
    TCU_LE_GATT_CLI_INIT_REQ                 0x080054f0   Data           7  pan1026.o(.constdata)
    TCU_LE_NMG_SSP_SET_REQ1                  0x080054f7   Data          18  pan1026.o(.constdata)
    TCU_LE_NMG_SSP_SET_REQ2                  0x08005509   Data          18  pan1026.o(.constdata)
    TCU_LE_NMG_SSP_SET_REQ3                  0x0800551b   Data          13  pan1026.o(.constdata)
    TCU_LE_NMG_SSP_SET_REQ4                  0x08005528   Data          14  pan1026.o(.constdata)
    TCU_LE_NMG_SSP_SET_REQ5                  0x08005536   Data          14  pan1026.o(.constdata)
    tcu_mng_le_start_advertise_direct_address 0x08005544   Data           6  pan1026.o(.constdata)
    spp_over_ble_service_uuid                0x0800554a   Data          16  pan1026.o(.constdata)
    manufacturer_name                        0x0800555a   Data           7  pan1026.o(.constdata)
    TCU_MNG_LE_GEN_RESOLVABLE_BDADDR_REQ     0x08005561   Data           7  pan1026.o(.constdata)
    TCU_MNG_LE_SET_RAND_ADDRESS_REQ          0x08005568   Data           7  pan1026.o(.constdata)
    .constdata                               0x0800556f   Section       40  _printf_hex_int.o(.constdata)
    uc_hextab                                0x0800556f   Data          20  _printf_hex_int.o(.constdata)
    lc_hextab                                0x08005583   Data          20  _printf_hex_int.o(.constdata)
    .constdata                               0x08005597   Section       17  __printf_flags_wp.o(.constdata)
    maptable                                 0x08005597   Data          17  __printf_flags_wp.o(.constdata)
    .init_array                              0x080055c8   Section        4  bt.o(.init_array)
    .init_array                              0x080055cc   Section        0  init_aeabi.o(.init_array)
    .data                                    0x20000000   Section       20  stm32f10x_rcc.o(.data)
    APBAHBPrescTable                         0x20000000   Data          16  stm32f10x_rcc.o(.data)
    ADCPrescTable                            0x20000010   Data           4  stm32f10x_rcc.o(.data)
    .data                                    0x20000014   Section       10  stm32_usart.o(.data)
    .data                                    0x2000001e   Section        1  main.o(.data)
    ledstat                                  0x2000001e   Data           1  main.o(.data)
    .data                                    0x20000020   Section        8  stm32f10x_it.o(.data)
    .data                                    0x20000028   Section       20  system_stm32f10x.o(.data)
    .data                                    0x2000003c   Section       11  bt.o(.data)
    .data                                    0x20000047   Section       12  common.o(.data)
    .bss                                     0x20000054   Section      765  stm32_usart.o(.bss)
    .bss                                     0x20000354   Section      200  bt.o(.bss)
    .bss                                     0x2000041c   Section       22  common.o(.bss)
    .bss                                     0x20000434   Section       96  libspace.o(.bss)
    HEAP                                     0x20000498   Section      512  startup_stm32f10x_md.o(HEAP)
    Heap_Mem                                 0x20000498   Data         512  startup_stm32f10x_md.o(HEAP)
    STACK                                    0x20000698   Section     1024  startup_stm32f10x_md.o(STACK)
    Stack_Mem                                0x20000698   Data        1024  startup_stm32f10x_md.o(STACK)
    __initial_sp                             0x20000a98   Data           0  startup_stm32f10x_md.o(STACK)

    Global Symbols

    Symbol Name                              Value     Ov Type        Size  Object(Section)

    BuildAttributes$$THM_ISAv4$P$D$K$B$S$PE$A:L22UL41UL21$X:L11$S22US41US21$IEEE1$IW$USESV6$~STKCKD$USESV7$~SHL$OTIME$ROPI$EBA8$UX$STANDARDLIB$REQ8$PRES8$EABIv2 0x00000000   Number         0  anon$$obj.o ABSOLUTE
    __ARM_use_no_argv                        0x00000000   Number         0  main.o ABSOLUTE
    _printf_flags                            0x00000000   Number         0  printf_stubs.o ABSOLUTE
    _printf_return_value                     0x00000000   Number         0  printf_stubs.o ABSOLUTE
    _printf_sizespec                         0x00000000   Number         0  printf_stubs.o ABSOLUTE
    _printf_widthprec                        0x00000000   Number         0  printf_stubs.o ABSOLUTE
    __ARM_exceptions_init                     - Undefined Weak Reference
    __alloca_initialize                       - Undefined Weak Reference
    __arm_preinit_                            - Undefined Weak Reference
    __rt_locale                               - Undefined Weak Reference
    __sigvec_lookup                           - Undefined Weak Reference
    __user_heap_extent                        - Undefined Weak Reference
    _atexit_init                              - Undefined Weak Reference
    _call_atexit_fns                          - Undefined Weak Reference
    _clock_init                               - Undefined Weak Reference
    _fp_trap_init                             - Undefined Weak Reference
    _fp_trap_shutdown                         - Undefined Weak Reference
    _get_lc_collate                           - Undefined Weak Reference
    _get_lc_ctype                             - Undefined Weak Reference
    _get_lc_monetary                          - Undefined Weak Reference
    _get_lc_numeric                           - Undefined Weak Reference
    _get_lc_time                              - Undefined Weak Reference
    _getenv_init                              - Undefined Weak Reference
    _handle_redirection                       - Undefined Weak Reference
    _initio                                   - Undefined Weak Reference
    _mutex_acquire                            - Undefined Weak Reference
    _mutex_free                               - Undefined Weak Reference
    _mutex_release                            - Undefined Weak Reference
    _printf_mbtowc                            - Undefined Weak Reference
    _printf_truncate_signed                   - Undefined Weak Reference
    _printf_truncate_unsigned                 - Undefined Weak Reference
    _rand_init                                - Undefined Weak Reference
    _signal_finish                            - Undefined Weak Reference
    _signal_init                              - Undefined Weak Reference
    _terminateio                              - Undefined Weak Reference
    __Vectors_Size                           0x000000ec   Number         0  startup_stm32f10x_md.o ABSOLUTE
    __Vectors                                0x08000000   Data           4  startup_stm32f10x_md.o(RESET)
    __dso_handle                             0x08000000   Number         0  startup_stm32f10x_md.o(RESET)
    __Vectors_End                            0x080000ec   Data           0  startup_stm32f10x_md.o(RESET)
    __main                                   0x080000ed   Thumb Code     8  __main.o(!!!main)
    __scatterload                            0x080000f5   Thumb Code     0  __scatter.o(!!!scatter)
    __scatterload_rt2                        0x080000f5   Thumb Code    44  __scatter.o(!!!scatter)
    __scatterload_rt2_thumb_only             0x080000f5   Thumb Code     0  __scatter.o(!!!scatter)
    __scatterload_null                       0x08000103   Thumb Code     0  __scatter.o(!!!scatter)
    __scatterload_copy                       0x08000129   Thumb Code    26  __scatter_copy.o(!!handler_copy)
    __scatterload_zeroinit                   0x08000145   Thumb Code    28  __scatter_zi.o(!!handler_zi)
    _printf_d                                0x08000161   Thumb Code     0  _printf_d.o(.ARM.Collect$$_printf_percent$$00000009)
    _printf_percent                          0x08000161   Thumb Code     0  _printf_percent.o(.ARM.Collect$$_printf_percent$$00000000)
    _printf_x                                0x08000167   Thumb Code     0  _printf_x.o(.ARM.Collect$$_printf_percent$$0000000C)
    _printf_c                                0x0800016d   Thumb Code     0  _printf_c.o(.ARM.Collect$$_printf_percent$$00000013)
    _printf_percent_end                      0x08000173   Thumb Code     0  _printf_percent_end.o(.ARM.Collect$$_printf_percent$$00000017)
    __rt_lib_init                            0x08000177   Thumb Code     0  libinit.o(.ARM.Collect$$libinit$$00000000)
    __rt_lib_init_fp_1                       0x08000179   Thumb Code     0  libinit2.o(.ARM.Collect$$libinit$$00000002)
    __rt_lib_init_heap_2                     0x08000179   Thumb Code     0  libinit2.o(.ARM.Collect$$libinit$$00000005)
    __rt_lib_init_preinit_1                  0x08000179   Thumb Code     0  libinit2.o(.ARM.Collect$$libinit$$00000004)
    __rt_lib_init_alloca_1                   0x08000181   Thumb Code     0  libinit2.o(.ARM.Collect$$libinit$$0000002E)
    __rt_lib_init_argv_1                     0x08000181   Thumb Code     0  libinit2.o(.ARM.Collect$$libinit$$0000002C)
    __rt_lib_init_atexit_1                   0x08000181   Thumb Code     0  libinit2.o(.ARM.Collect$$libinit$$0000001B)
    __rt_lib_init_clock_1                    0x08000181   Thumb Code     0  libinit2.o(.ARM.Collect$$libinit$$00000021)
    __rt_lib_init_cpp_2                      0x08000181   Thumb Code     0  libinit2.o(.ARM.Collect$$libinit$$00000031)
    __rt_lib_init_exceptions_1               0x08000181   Thumb Code     0  libinit2.o(.ARM.Collect$$libinit$$00000030)
    __rt_lib_init_fp_trap_1                  0x08000181   Thumb Code     0  libinit2.o(.ARM.Collect$$libinit$$0000001F)
    __rt_lib_init_getenv_1                   0x08000181   Thumb Code     0  libinit2.o(.ARM.Collect$$libinit$$00000023)
    __rt_lib_init_heap_1                     0x08000181   Thumb Code     0  libinit2.o(.ARM.Collect$$libinit$$0000000A)
    __rt_lib_init_lc_collate_1               0x08000181   Thumb Code     0  libinit2.o(.ARM.Collect$$libinit$$00000011)
    __rt_lib_init_lc_ctype_1                 0x08000181   Thumb Code     0  libinit2.o(.ARM.Collect$$libinit$$00000013)
    __rt_lib_init_lc_monetary_1              0x08000181   Thumb Code     0  libinit2.o(.ARM.Collect$$libinit$$00000015)
    __rt_lib_init_lc_numeric_1               0x08000181   Thumb Code     0  libinit2.o(.ARM.Collect$$libinit$$00000017)
    __rt_lib_init_lc_time_1                  0x08000181   Thumb Code     0  libinit2.o(.ARM.Collect$$libinit$$00000019)
    __rt_lib_init_rand_1                     0x08000181   Thumb Code     0  libinit2.o(.ARM.Collect$$libinit$$0000000E)
    __rt_lib_init_signal_1                   0x08000181   Thumb Code     0  libinit2.o(.ARM.Collect$$libinit$$0000001D)
    __rt_lib_init_stdio_1                    0x08000181   Thumb Code     0  libinit2.o(.ARM.Collect$$libinit$$00000025)
    __rt_lib_init_user_alloc_1               0x08000181   Thumb Code     0  libinit2.o(.ARM.Collect$$libinit$$0000000C)
    __rt_lib_init_cpp_1                      0x08000185   Thumb Code     0  libinit2.o(.ARM.Collect$$libinit$$00000032)
    __rt_lib_init_return                     0x08000185   Thumb Code     0  libinit2.o(.ARM.Collect$$libinit$$00000033)
    __rt_lib_shutdown                        0x08000187   Thumb Code     0  libshutdown.o(.ARM.Collect$$libshutdown$$00000000)
    __rt_lib_shutdown_cpp_1                  0x08000189   Thumb Code     0  libshutdown2.o(.ARM.Collect$$libshutdown$$00000001)
    __rt_lib_shutdown_fp_trap_1              0x0800018f   Thumb Code     0  libshutdown2.o(.ARM.Collect$$libshutdown$$00000006)
    __rt_lib_shutdown_heap_1                 0x0800018f   Thumb Code     0  libshutdown2.o(.ARM.Collect$$libshutdown$$0000000E)
    __rt_lib_shutdown_return                 0x0800018f   Thumb Code     0  libshutdown2.o(.ARM.Collect$$libshutdown$$0000000F)
    __rt_lib_shutdown_signal_1               0x0800018f   Thumb Code     0  libshutdown2.o(.ARM.Collect$$libshutdown$$00000009)
    __rt_lib_shutdown_stdio_1                0x0800018f   Thumb Code     0  libshutdown2.o(.ARM.Collect$$libshutdown$$00000003)
    __rt_lib_shutdown_user_alloc_1           0x0800018f   Thumb Code     0  libshutdown2.o(.ARM.Collect$$libshutdown$$0000000B)
    __rt_entry                               0x08000191   Thumb Code     0  __rtentry.o(.ARM.Collect$$rtentry$$00000000)
    __rt_entry_presh_1                       0x08000191   Thumb Code     0  __rtentry2.o(.ARM.Collect$$rtentry$$00000002)
    __rt_entry_sh                            0x08000191   Thumb Code     0  __rtentry4.o(.ARM.Collect$$rtentry$$00000004)
    __rt_entry_li                            0x08000197   Thumb Code     0  __rtentry2.o(.ARM.Collect$$rtentry$$0000000A)
    __rt_entry_postsh_1                      0x08000197   Thumb Code     0  __rtentry2.o(.ARM.Collect$$rtentry$$00000009)
    __rt_entry_main                          0x0800019b   Thumb Code     0  __rtentry2.o(.ARM.Collect$$rtentry$$0000000D)
    __rt_entry_postli_1                      0x0800019b   Thumb Code     0  __rtentry2.o(.ARM.Collect$$rtentry$$0000000C)
    __rt_exit                                0x080001a3   Thumb Code     0  rtexit.o(.ARM.Collect$$rtexit$$00000000)
    __rt_exit_ls                             0x080001a5   Thumb Code     0  rtexit2.o(.ARM.Collect$$rtexit$$00000003)
    __rt_exit_prels_1                        0x080001a5   Thumb Code     0  rtexit2.o(.ARM.Collect$$rtexit$$00000002)
    __rt_exit_exit                           0x080001a9   Thumb Code     0  rtexit2.o(.ARM.Collect$$rtexit$$00000004)
    Reset_Handler                            0x080001b1   Thumb Code     8  startup_stm32f10x_md.o(.text)
    _maybe_terminate_alloc                   0x080001b1   Thumb Code     0  maybetermalloc1.o(.emb_text)
    ADC1_2_IRQHandler                        0x080001cb   Thumb Code     0  startup_stm32f10x_md.o(.text)
    CAN1_RX1_IRQHandler                      0x080001cb   Thumb Code     0  startup_stm32f10x_md.o(.text)
    CAN1_SCE_IRQHandler                      0x080001cb   Thumb Code     0  startup_stm32f10x_md.o(.text)
    DMA1_Channel1_IRQHandler                 0x080001cb   Thumb Code     0  startup_stm32f10x_md.o(.text)
    DMA1_Channel2_IRQHandler                 0x080001cb   Thumb Code     0  startup_stm32f10x_md.o(.text)
    DMA1_Channel3_IRQHandler                 0x080001cb   Thumb Code     0  startup_stm32f10x_md.o(.text)
    DMA1_Channel4_IRQHandler                 0x080001cb   Thumb Code     0  startup_stm32f10x_md.o(.text)
    DMA1_Channel5_IRQHandler                 0x080001cb   Thumb Code     0  startup_stm32f10x_md.o(.text)
    DMA1_Channel6_IRQHandler                 0x080001cb   Thumb Code     0  startup_stm32f10x_md.o(.text)
    DMA1_Channel7_IRQHandler                 0x080001cb   Thumb Code     0  startup_stm32f10x_md.o(.text)
    EXTI0_IRQHandler                         0x080001cb   Thumb Code     0  startup_stm32f10x_md.o(.text)
    EXTI15_10_IRQHandler                     0x080001cb   Thumb Code     0  startup_stm32f10x_md.o(.text)
    EXTI1_IRQHandler                         0x080001cb   Thumb Code     0  startup_stm32f10x_md.o(.text)
    EXTI2_IRQHandler                         0x080001cb   Thumb Code     0  startup_stm32f10x_md.o(.text)
    EXTI3_IRQHandler                         0x080001cb   Thumb Code     0  startup_stm32f10x_md.o(.text)
    EXTI4_IRQHandler                         0x080001cb   Thumb Code     0  startup_stm32f10x_md.o(.text)
    EXTI9_5_IRQHandler                       0x080001cb   Thumb Code     0  startup_stm32f10x_md.o(.text)
    FLASH_IRQHandler                         0x080001cb   Thumb Code     0  startup_stm32f10x_md.o(.text)
    I2C1_ER_IRQHandler                       0x080001cb   Thumb Code     0  startup_stm32f10x_md.o(.text)
    I2C1_EV_IRQHandler                       0x080001cb   Thumb Code     0  startup_stm32f10x_md.o(.text)
    I2C2_ER_IRQHandler                       0x080001cb   Thumb Code     0  startup_stm32f10x_md.o(.text)
    I2C2_EV_IRQHandler                       0x080001cb   Thumb Code     0  startup_stm32f10x_md.o(.text)
    PVD_IRQHandler                           0x080001cb   Thumb Code     0  startup_stm32f10x_md.o(.text)
    RCC_IRQHandler                           0x080001cb   Thumb Code     0  startup_stm32f10x_md.o(.text)
    RTCAlarm_IRQHandler                      0x080001cb   Thumb Code     0  startup_stm32f10x_md.o(.text)
    RTC_IRQHandler                           0x080001cb   Thumb Code     0  startup_stm32f10x_md.o(.text)
    SPI1_IRQHandler                          0x080001cb   Thumb Code     0  startup_stm32f10x_md.o(.text)
    SPI2_IRQHandler                          0x080001cb   Thumb Code     0  startup_stm32f10x_md.o(.text)
    TAMPER_IRQHandler                        0x080001cb   Thumb Code     0  startup_stm32f10x_md.o(.text)
    TIM1_BRK_IRQHandler                      0x080001cb   Thumb Code     0  startup_stm32f10x_md.o(.text)
    TIM1_CC_IRQHandler                       0x080001cb   Thumb Code     0  startup_stm32f10x_md.o(.text)
    TIM1_TRG_COM_IRQHandler                  0x080001cb   Thumb Code     0  startup_stm32f10x_md.o(.text)
    TIM1_UP_IRQHandler                       0x080001cb   Thumb Code     0  startup_stm32f10x_md.o(.text)
    TIM2_IRQHandler                          0x080001cb   Thumb Code     0  startup_stm32f10x_md.o(.text)
    TIM4_IRQHandler                          0x080001cb   Thumb Code     0  startup_stm32f10x_md.o(.text)
    USBWakeUp_IRQHandler                     0x080001cb   Thumb Code     0  startup_stm32f10x_md.o(.text)
    USB_HP_CAN1_TX_IRQHandler                0x080001cb   Thumb Code     0  startup_stm32f10x_md.o(.text)
    USB_LP_CAN1_RX0_IRQHandler               0x080001cb   Thumb Code     0  startup_stm32f10x_md.o(.text)
    WWDG_IRQHandler                          0x080001cb   Thumb Code     0  startup_stm32f10x_md.o(.text)
    __user_initial_stackheap                 0x080001cd   Thumb Code     0  startup_stm32f10x_md.o(.text)
    NVIC_PriorityGroupConfig                 0x080001f1   Thumb Code    10  misc.o(.text)
    NVIC_Init                                0x080001fb   Thumb Code   100  misc.o(.text)
    NVIC_SetVectorTable                      0x0800025f   Thumb Code    14  misc.o(.text)
    NVIC_SystemLPConfig                      0x0800026d   Thumb Code    34  misc.o(.text)
    SysTick_CLKSourceConfig                  0x0800028f   Thumb Code    40  misc.o(.text)
    GPIO_DeInit                              0x080002cd   Thumb Code   172  stm32f10x_gpio.o(.text)
    GPIO_AFIODeInit                          0x08000379   Thumb Code    20  stm32f10x_gpio.o(.text)
    GPIO_Init                                0x0800038d   Thumb Code   278  stm32f10x_gpio.o(.text)
    GPIO_StructInit                          0x080004a3   Thumb Code    16  stm32f10x_gpio.o(.text)
    GPIO_ReadInputDataBit                    0x080004b3   Thumb Code    18  stm32f10x_gpio.o(.text)
    GPIO_ReadInputData                       0x080004c5   Thumb Code     8  stm32f10x_gpio.o(.text)
    GPIO_ReadOutputDataBit                   0x080004cd   Thumb Code    18  stm32f10x_gpio.o(.text)
    GPIO_ReadOutputData                      0x080004df   Thumb Code     8  stm32f10x_gpio.o(.text)
    GPIO_SetBits                             0x080004e7   Thumb Code     4  stm32f10x_gpio.o(.text)
    GPIO_ResetBits                           0x080004eb   Thumb Code     4  stm32f10x_gpio.o(.text)
    GPIO_WriteBit                            0x080004ef   Thumb Code    10  stm32f10x_gpio.o(.text)
    GPIO_Write                               0x080004f9   Thumb Code     4  stm32f10x_gpio.o(.text)
    GPIO_PinLockConfig                       0x080004fd   Thumb Code    18  stm32f10x_gpio.o(.text)
    GPIO_EventOutputConfig                   0x0800050f   Thumb Code    26  stm32f10x_gpio.o(.text)
    GPIO_EventOutputCmd                      0x08000529   Thumb Code     6  stm32f10x_gpio.o(.text)
    GPIO_PinRemapConfig                      0x0800052f   Thumb Code   138  stm32f10x_gpio.o(.text)
    GPIO_EXTILineConfig                      0x080005b9   Thumb Code    66  stm32f10x_gpio.o(.text)
    GPIO_ETH_MediaInterfaceConfig            0x080005fb   Thumb Code     8  stm32f10x_gpio.o(.text)
    RCC_DeInit                               0x08000629   Thumb Code    64  stm32f10x_rcc.o(.text)
    RCC_HSEConfig                            0x08000669   Thumb Code    70  stm32f10x_rcc.o(.text)
    RCC_GetFlagStatus                        0x080006af   Thumb Code    56  stm32f10x_rcc.o(.text)
    RCC_WaitForHSEStartUp                    0x080006e7   Thumb Code    56  stm32f10x_rcc.o(.text)
    RCC_AdjustHSICalibrationValue            0x0800071f   Thumb Code    20  stm32f10x_rcc.o(.text)
    RCC_HSICmd                               0x08000733   Thumb Code     6  stm32f10x_rcc.o(.text)
    RCC_PLLConfig                            0x08000739   Thumb Code    24  stm32f10x_rcc.o(.text)
    RCC_PLLCmd                               0x08000751   Thumb Code     6  stm32f10x_rcc.o(.text)
    RCC_SYSCLKConfig                         0x08000757   Thumb Code    18  stm32f10x_rcc.o(.text)
    RCC_GetSYSCLKSource                      0x08000769   Thumb Code    10  stm32f10x_rcc.o(.text)
    RCC_HCLKConfig                           0x08000773   Thumb Code    18  stm32f10x_rcc.o(.text)
    RCC_PCLK1Config                          0x08000785   Thumb Code    18  stm32f10x_rcc.o(.text)
    RCC_PCLK2Config                          0x08000797   Thumb Code    20  stm32f10x_rcc.o(.text)
    RCC_ITConfig                             0x080007ab   Thumb Code    26  stm32f10x_rcc.o(.text)
    RCC_USBCLKConfig                         0x080007c5   Thumb Code     8  stm32f10x_rcc.o(.text)
    RCC_ADCCLKConfig                         0x080007cd   Thumb Code    18  stm32f10x_rcc.o(.text)
    RCC_LSEConfig                            0x080007df   Thumb Code    50  stm32f10x_rcc.o(.text)
    RCC_LSICmd                               0x08000811   Thumb Code     6  stm32f10x_rcc.o(.text)
    RCC_RTCCLKConfig                         0x08000817   Thumb Code    12  stm32f10x_rcc.o(.text)
    RCC_RTCCLKCmd                            0x08000823   Thumb Code     8  stm32f10x_rcc.o(.text)
    RCC_GetClocksFreq                        0x0800082b   Thumb Code   192  stm32f10x_rcc.o(.text)
    RCC_AHBPeriphClockCmd                    0x080008eb   Thumb Code    26  stm32f10x_rcc.o(.text)
    RCC_APB2PeriphClockCmd                   0x08000905   Thumb Code    26  stm32f10x_rcc.o(.text)
    RCC_APB1PeriphClockCmd                   0x0800091f   Thumb Code    26  stm32f10x_rcc.o(.text)
    RCC_APB2PeriphResetCmd                   0x08000939   Thumb Code    26  stm32f10x_rcc.o(.text)
    RCC_APB1PeriphResetCmd                   0x08000953   Thumb Code    26  stm32f10x_rcc.o(.text)
    RCC_BackupResetCmd                       0x0800096d   Thumb Code     8  stm32f10x_rcc.o(.text)
    RCC_ClockSecuritySystemCmd               0x08000975   Thumb Code     6  stm32f10x_rcc.o(.text)
    RCC_MCOConfig                            0x0800097b   Thumb Code     6  stm32f10x_rcc.o(.text)
    RCC_ClearFlag                            0x08000981   Thumb Code    14  stm32f10x_rcc.o(.text)
    RCC_GetITStatus                          0x0800098f   Thumb Code    20  stm32f10x_rcc.o(.text)
    RCC_ClearITPendingBit                    0x080009a3   Thumb Code     6  stm32f10x_rcc.o(.text)
    TIM_DeInit                               0x080009d5   Thumb Code   424  stm32f10x_tim.o(.text)
    TIM_TimeBaseInit                         0x08000b7d   Thumb Code   122  stm32f10x_tim.o(.text)
    TIM_OC1Init                              0x08000bf7   Thumb Code   132  stm32f10x_tim.o(.text)
    TIM_OC2Init                              0x08000c7b   Thumb Code   154  stm32f10x_tim.o(.text)
    TIM_OC3Init                              0x08000d15   Thumb Code   150  stm32f10x_tim.o(.text)
    TIM_OC4Init                              0x08000dab   Thumb Code   182  stm32f10x_tim.o(.text)
    TIM_SetIC4Prescaler                      0x08000e61   Thumb Code    26  stm32f10x_tim.o(.text)
    TIM_SetIC3Prescaler                      0x08000efd   Thumb Code    18  stm32f10x_tim.o(.text)
    TIM_SetIC2Prescaler                      0x08000f89   Thumb Code    26  stm32f10x_tim.o(.text)
    TIM_SetIC1Prescaler                      0x08001025   Thumb Code    18  stm32f10x_tim.o(.text)
    TIM_ICInit                               0x080010a3   Thumb Code   150  stm32f10x_tim.o(.text)
    TIM_PWMIConfig                           0x08001139   Thumb Code   124  stm32f10x_tim.o(.text)
    TIM_BDTRConfig                           0x080011b5   Thumb Code    32  stm32f10x_tim.o(.text)
    TIM_TimeBaseStructInit                   0x080011d5   Thumb Code    18  stm32f10x_tim.o(.text)
    TIM_OCStructInit                         0x080011e7   Thumb Code    20  stm32f10x_tim.o(.text)
    TIM_ICStructInit                         0x080011fb   Thumb Code    18  stm32f10x_tim.o(.text)
    TIM_BDTRStructInit                       0x0800120d   Thumb Code    40  stm32f10x_tim.o(.text)
    TIM_Cmd                                  0x08001235   Thumb Code    24  stm32f10x_tim.o(.text)
    TIM_CtrlPWMOutputs                       0x0800124d   Thumb Code    30  stm32f10x_tim.o(.text)
    TIM_ITConfig                             0x0800126b   Thumb Code    18  stm32f10x_tim.o(.text)
    TIM_GenerateEvent                        0x0800127d   Thumb Code     4  stm32f10x_tim.o(.text)
    TIM_DMAConfig                            0x08001281   Thumb Code    10  stm32f10x_tim.o(.text)
    TIM_DMACmd                               0x0800128b   Thumb Code    18  stm32f10x_tim.o(.text)
    TIM_InternalClockConfig                  0x0800129d   Thumb Code    12  stm32f10x_tim.o(.text)
    TIM_SelectInputTrigger                   0x080012a9   Thumb Code    18  stm32f10x_tim.o(.text)
    TIM_ITRxExternalClockConfig              0x080012bb   Thumb Code    24  stm32f10x_tim.o(.text)
    TIM_TIxExternalClockConfig               0x080012d3   Thumb Code    62  stm32f10x_tim.o(.text)
    TIM_ETRConfig                            0x08001311   Thumb Code    28  stm32f10x_tim.o(.text)
    TIM_ETRClockMode1Config                  0x0800132d   Thumb Code    54  stm32f10x_tim.o(.text)
    TIM_ETRClockMode2Config                  0x08001363   Thumb Code    32  stm32f10x_tim.o(.text)
    TIM_PrescalerConfig                      0x08001383   Thumb Code     6  stm32f10x_tim.o(.text)
    TIM_CounterModeConfig                    0x08001389   Thumb Code    18  stm32f10x_tim.o(.text)
    TIM_EncoderInterfaceConfig               0x0800139b   Thumb Code    66  stm32f10x_tim.o(.text)
    TIM_ForcedOC1Config                      0x080013dd   Thumb Code    18  stm32f10x_tim.o(.text)
    TIM_ForcedOC2Config                      0x080013ef   Thumb Code    26  stm32f10x_tim.o(.text)
    TIM_ForcedOC3Config                      0x08001409   Thumb Code    18  stm32f10x_tim.o(.text)
    TIM_ForcedOC4Config                      0x0800141b   Thumb Code    26  stm32f10x_tim.o(.text)
    TIM_ARRPreloadConfig                     0x08001435   Thumb Code    24  stm32f10x_tim.o(.text)
    TIM_SelectCOM                            0x0800144d   Thumb Code    24  stm32f10x_tim.o(.text)
    TIM_SelectCCDMA                          0x08001465   Thumb Code    24  stm32f10x_tim.o(.text)
    TIM_CCPreloadControl                     0x0800147d   Thumb Code    24  stm32f10x_tim.o(.text)
    TIM_OC1PreloadConfig                     0x08001495   Thumb Code    18  stm32f10x_tim.o(.text)
    TIM_OC2PreloadConfig                     0x080014a7   Thumb Code    26  stm32f10x_tim.o(.text)
    TIM_OC3PreloadConfig                     0x080014c1   Thumb Code    18  stm32f10x_tim.o(.text)
    TIM_OC4PreloadConfig                     0x080014d3   Thumb Code    26  stm32f10x_tim.o(.text)
    TIM_OC1FastConfig                        0x080014ed   Thumb Code    18  stm32f10x_tim.o(.text)
    TIM_OC2FastConfig                        0x080014ff   Thumb Code    26  stm32f10x_tim.o(.text)
    TIM_OC3FastConfig                        0x08001519   Thumb Code    18  stm32f10x_tim.o(.text)
    TIM_OC4FastConfig                        0x0800152b   Thumb Code    26  stm32f10x_tim.o(.text)
    TIM_ClearOC1Ref                          0x08001545   Thumb Code    18  stm32f10x_tim.o(.text)
    TIM_ClearOC2Ref                          0x08001557   Thumb Code    24  stm32f10x_tim.o(.text)
    TIM_ClearOC3Ref                          0x0800156f   Thumb Code    18  stm32f10x_tim.o(.text)
    TIM_ClearOC4Ref                          0x08001581   Thumb Code    24  stm32f10x_tim.o(.text)
    TIM_OC1PolarityConfig                    0x08001599   Thumb Code    18  stm32f10x_tim.o(.text)
    TIM_OC1NPolarityConfig                   0x080015ab   Thumb Code    18  stm32f10x_tim.o(.text)
    TIM_OC2PolarityConfig                    0x080015bd   Thumb Code    26  stm32f10x_tim.o(.text)
    TIM_OC2NPolarityConfig                   0x080015d7   Thumb Code    26  stm32f10x_tim.o(.text)
    TIM_OC3PolarityConfig                    0x080015f1   Thumb Code    26  stm32f10x_tim.o(.text)
    TIM_OC3NPolarityConfig                   0x0800160b   Thumb Code    26  stm32f10x_tim.o(.text)
    TIM_OC4PolarityConfig                    0x08001625   Thumb Code    26  stm32f10x_tim.o(.text)
    TIM_CCxCmd                               0x0800163f   Thumb Code    30  stm32f10x_tim.o(.text)
    TIM_CCxNCmd                              0x0800165d   Thumb Code    30  stm32f10x_tim.o(.text)
    TIM_SelectOCxM                           0x0800167b   Thumb Code    82  stm32f10x_tim.o(.text)
    TIM_UpdateDisableConfig                  0x080016cd   Thumb Code    24  stm32f10x_tim.o(.text)
    TIM_UpdateRequestConfig                  0x080016e5   Thumb Code    24  stm32f10x_tim.o(.text)
    TIM_SelectHallSensor                     0x080016fd   Thumb Code    24  stm32f10x_tim.o(.text)
    TIM_SelectOnePulseMode                   0x08001715   Thumb Code    18  stm32f10x_tim.o(.text)
    TIM_SelectOutputTrigger                  0x08001727   Thumb Code    18  stm32f10x_tim.o(.text)
    TIM_SelectSlaveMode                      0x08001739   Thumb Code    18  stm32f10x_tim.o(.text)
    TIM_SelectMasterSlaveMode                0x0800174b   Thumb Code    18  stm32f10x_tim.o(.text)
    TIM_SetCounter                           0x0800175d   Thumb Code     4  stm32f10x_tim.o(.text)
    TIM_SetAutoreload                        0x08001761   Thumb Code     4  stm32f10x_tim.o(.text)
    TIM_SetCompare1                          0x08001765   Thumb Code     4  stm32f10x_tim.o(.text)
    TIM_SetCompare2                          0x08001769   Thumb Code     4  stm32f10x_tim.o(.text)
    TIM_SetCompare3                          0x0800176d   Thumb Code     4  stm32f10x_tim.o(.text)
    TIM_SetCompare4                          0x08001771   Thumb Code     6  stm32f10x_tim.o(.text)
    TIM_SetClockDivision                     0x08001777   Thumb Code    18  stm32f10x_tim.o(.text)
    TIM_GetCapture1                          0x08001789   Thumb Code     6  stm32f10x_tim.o(.text)
    TIM_GetCapture2                          0x0800178f   Thumb Code     6  stm32f10x_tim.o(.text)
    TIM_GetCapture3                          0x08001795   Thumb Code     6  stm32f10x_tim.o(.text)
    TIM_GetCapture4                          0x0800179b   Thumb Code     8  stm32f10x_tim.o(.text)
    TIM_GetCounter                           0x080017a3   Thumb Code     6  stm32f10x_tim.o(.text)
    TIM_GetPrescaler                         0x080017a9   Thumb Code     6  stm32f10x_tim.o(.text)
    TIM_GetFlagStatus                        0x080017af   Thumb Code    18  stm32f10x_tim.o(.text)
    TIM_ClearFlag                            0x080017c1   Thumb Code     6  stm32f10x_tim.o(.text)
    TIM_GetITStatus                          0x080017c7   Thumb Code    34  stm32f10x_tim.o(.text)
    TIM_ClearITPendingBit                    0x080017e9   Thumb Code     6  stm32f10x_tim.o(.text)
    USART_DeInit                             0x080017f1   Thumb Code   134  stm32f10x_usart.o(.text)
    USART_Init                               0x08001877   Thumb Code   210  stm32f10x_usart.o(.text)
    USART_StructInit                         0x08001949   Thumb Code    24  stm32f10x_usart.o(.text)
    USART_ClockInit                          0x08001961   Thumb Code    34  stm32f10x_usart.o(.text)
    USART_ClockStructInit                    0x08001983   Thumb Code    12  stm32f10x_usart.o(.text)
    USART_Cmd                                0x0800198f   Thumb Code    24  stm32f10x_usart.o(.text)
    USART_ITConfig                           0x080019a7   Thumb Code    74  stm32f10x_usart.o(.text)
    USART_DMACmd                             0x080019f1   Thumb Code    18  stm32f10x_usart.o(.text)
    USART_SetAddress                         0x08001a03   Thumb Code    18  stm32f10x_usart.o(.text)
    USART_WakeUpConfig                       0x08001a15   Thumb Code    18  stm32f10x_usart.o(.text)
    USART_ReceiverWakeUpCmd                  0x08001a27   Thumb Code    24  stm32f10x_usart.o(.text)
    USART_LINBreakDetectLengthConfig         0x08001a3f   Thumb Code    18  stm32f10x_usart.o(.text)
    USART_LINCmd                             0x08001a51   Thumb Code    24  stm32f10x_usart.o(.text)
    USART_SendData                           0x08001a69   Thumb Code     8  stm32f10x_usart.o(.text)
    USART_ReceiveData                        0x08001a71   Thumb Code    10  stm32f10x_usart.o(.text)
    USART_SendBreak                          0x08001a7b   Thumb Code    10  stm32f10x_usart.o(.text)
    USART_SetGuardTime                       0x08001a85   Thumb Code    16  stm32f10x_usart.o(.text)
    USART_SetPrescaler                       0x08001a95   Thumb Code    16  stm32f10x_usart.o(.text)
    USART_SmartCardCmd                       0x08001aa5   Thumb Code    24  stm32f10x_usart.o(.text)
    USART_SmartCardNACKCmd                   0x08001abd   Thumb Code    24  stm32f10x_usart.o(.text)
    USART_HalfDuplexCmd                      0x08001ad5   Thumb Code    24  stm32f10x_usart.o(.text)
    USART_OverSampling8Cmd                   0x08001aed   Thumb Code    22  stm32f10x_usart.o(.text)
    USART_OneBitMethodCmd                    0x08001b03   Thumb Code    24  stm32f10x_usart.o(.text)
    USART_IrDAConfig                         0x08001b1b   Thumb Code    18  stm32f10x_usart.o(.text)
    USART_IrDACmd                            0x08001b2d   Thumb Code    24  stm32f10x_usart.o(.text)
    USART_GetFlagStatus                      0x08001b45   Thumb Code    26  stm32f10x_usart.o(.text)
    USART_ClearFlag                          0x08001b5f   Thumb Code    18  stm32f10x_usart.o(.text)
    USART_GetITStatus                        0x08001b71   Thumb Code    84  stm32f10x_usart.o(.text)
    USART_ClearITPendingBit                  0x08001bc5   Thumb Code    52  stm32f10x_usart.o(.text)
    LED_Init                                 0x08001bf9   Thumb Code   118  led.o(.text)
    Timerx_Init                              0x08001c81   Thumb Code    90  timer.o(.text)
    TIM3_IRQHandler                          0x08001cdb   Thumb Code    84  timer.o(.text)
    delay_ms                                 0x08001d45   Thumb Code    18  delay.o(.text)
    delay_s                                  0x08001d57   Thumb Code    26  delay.o(.text)
    NVIC_Configuration                       0x08001d75   Thumb Code    12  sys.o(.text)
    _ttywrch                                 0x08001d81   Thumb Code    24  stm32_usart.o(.text)
    _sys_exit                                0x08001d99   Thumb Code     6  stm32_usart.o(.text)
    fputc                                    0x08001d9f   Thumb Code    28  stm32_usart.o(.text)
    Uart1Init                                0x08001dbb   Thumb Code   152  stm32_usart.o(.text)
    Uart1SendHex                             0x08001e53   Thumb Code    28  stm32_usart.o(.text)
    Uart1SendStr                             0x08001e6f   Thumb Code    22  stm32_usart.o(.text)
    USART1_IRQHandler                        0x08001e85   Thumb Code    62  stm32_usart.o(.text)
    Uart2Init                                0x08001ec3   Thumb Code   160  stm32_usart.o(.text)
    USART2_IRQHandler                        0x08001f63   Thumb Code    62  stm32_usart.o(.text)
    Uart2SendHex                             0x08001fa1   Thumb Code    28  stm32_usart.o(.text)
    Uart2SendStr                             0x08001fbd   Thumb Code    22  stm32_usart.o(.text)
    Uart3Init                                0x08001fd3   Thumb Code   166  stm32_usart.o(.text)
    USART3_IRQHandler                        0x08002079   Thumb Code    62  stm32_usart.o(.text)
    Uart3SendHex                             0x080020b7   Thumb Code    28  stm32_usart.o(.text)
    Uart3SendStr                             0x080020d3   Thumb Code    22  stm32_usart.o(.text)
    main                                     0x08002115   Thumb Code   314  main.o(.text)
    NMI_Handler                              0x08002285   Thumb Code     2  stm32f10x_it.o(.text)
    HardFault_Handler                        0x08002287   Thumb Code     4  stm32f10x_it.o(.text)
    MemManage_Handler                        0x0800228b   Thumb Code     4  stm32f10x_it.o(.text)
    BusFault_Handler                         0x0800228f   Thumb Code     4  stm32f10x_it.o(.text)
    UsageFault_Handler                       0x08002293   Thumb Code     4  stm32f10x_it.o(.text)
    SVC_Handler                              0x08002297   Thumb Code     2  stm32f10x_it.o(.text)
    DebugMon_Handler                         0x08002299   Thumb Code     2  stm32f10x_it.o(.text)
    PendSV_Handler                           0x0800229b   Thumb Code     2  stm32f10x_it.o(.text)
    SysTick_Handler                          0x0800229d   Thumb Code    32  stm32f10x_it.o(.text)
    SystemInit                               0x080023a7   Thumb Code    78  system_stm32f10x.o(.text)
    SystemCoreClockUpdate                    0x080023f5   Thumb Code   142  system_stm32f10x.o(.text)
    UNUSEDFUNCTION_BT_CTS_PIN_INT()          0x080024b1   Thumb Code    16  bt.o(.text)
    bt_pan1026_init()                        0x080024c1   Thumb Code    18  bt.o(.text)
    bt_irqh(unsigned char, unsigned char*)   0x080024d3   Thumb Code   182  bt.o(.text)
    bt_module_deinit()                       0x08002589   Thumb Code    34  bt.o(.text)
    bt_module_reset()                        0x080025ab   Thumb Code    44  bt.o(.text)
    bt_module_init()                         0x080025d7   Thumb Code     8  bt.o(.text)
    bt_init()                                0x080025df   Thumb Code    50  bt.o(.text)
    bt_stop()                                0x08002611   Thumb Code     8  bt.o(.text)
    bt_device_active()                       0x08002619   Thumb Code     6  bt.o(.text)
    bt_unknown_parser()                      0x0800261f   Thumb Code    36  bt.o(.text)
    bt_step()                                0x08002643   Thumb Code   158  bt.o(.text)
    bt_send(char*, unsigned short)           0x080026e1   Thumb Code    28  bt.o(.text)
    bt_selftest()                            0x080026fd   Thumb Code    16  bt.o(.text)
    bt_get_module_type()                     0x0800270d   Thumb Code     6  bt.o(.text)
    task_get_ms_tick()                       0x08002861   Thumb Code     6  common.o(.text)
    GetID_str(char*)                         0x08002867   Thumb Code    60  common.o(.text)
    reset_pin_high()                         0x080028a3   Thumb Code     8  common.o(.text)
    reset_pin_low()                          0x080028ab   Thumb Code     8  common.o(.text)
    GpioWrite(unsigned char, unsigned char)  0x080028b3   Thumb Code    24  common.o(.text)
    BtRecDataToHost(unsigned char*, unsigned short) 0x080028cb   Thumb Code    28  common.o(.text)
    C_bt_init                                0x080028e7   Thumb Code     8  common.o(.text)
    C_bt_stop()                              0x080028ef   Thumb Code     8  common.o(.text)
    C_bt_step                                0x080028f7   Thumb Code     8  common.o(.text)
    C_bt_module_reset                        0x080028ff   Thumb Code     8  common.o(.text)
    C_bt_module_init                         0x08002907   Thumb Code     8  common.o(.text)
    C_bt_module_deinit()                     0x0800290f   Thumb Code     8  common.o(.text)
    C_bt_device_active                       0x08002917   Thumb Code     8  common.o(.text)
    C_bt_send                                0x0800291f   Thumb Code    16  common.o(.text)
    C_bt_selftest                            0x0800292f   Thumb Code     8  common.o(.text)
    Usart::Init(unsigned char, unsigned)     0x08002937   Thumb Code     2  common.o(.text)
    Usart::InitBuffers(unsigned char, unsigned char) 0x08002939   Thumb Code    14  common.o(.text)
    Usart::Stop()                            0x08002947   Thumb Code     2  common.o(.text)
    Usart::TxComplete()                      0x08002949   Thumb Code     2  common.o(.text)
    Usart::isRxBufferEmpty()                 0x0800294b   Thumb Code    22  common.o(.text)
    Usart::Read()                            0x08002961   Thumb Code    44  common.o(.text)
    Usart::Write(unsigned char)              0x0800298d   Thumb Code    14  common.o(.text)
    Usart::SetInterruptPriority(unsigned char) 0x0800299b   Thumb Code     2  common.o(.text)
    Usart::ClearRxBuffer()                   0x0800299d   Thumb Code    12  common.o(.text)
    Usart::Usart()                           0x080029a9   Thumb Code     2  common.o(.text)
    Usart::Usart__sub_object()               0x080029a9   Thumb Code     0  common.o(.text)
    Usart::~Usart()                          0x080029ab   Thumb Code     2  common.o(.text)
    Usart::~Usart__sub_object()              0x080029ab   Thumb Code     0  common.o(.text)
    pan1026::Restart()                       0x080029f5   Thumb Code    50  pan1026.o(.text)
    pan1026::Init(Usart*)                    0x08002a27   Thumb Code    38  pan1026.o(.text)
    pan1026::TxResume()                      0x08002a4d   Thumb Code    12  pan1026.o(.text)
    pan1026::StreamWrite(unsigned char)      0x08002a59   Thumb Code    16  pan1026.o(.text)
    pan1026::RawSendStatic(const unsigned char*, unsigned char) 0x08002a69   Thumb Code    34  pan1026.o(.text)
    pan1026::SetNextStep(unsigned char)      0x08002a8b   Thumb Code     4  pan1026.o(.text)
    pan1026::ParseGAT_ser()                  0x08002a8f   Thumb Code   652  pan1026.o(.text)
    pan1026::ParseGAT_cli()                  0x08002d1b   Thumb Code    94  pan1026.o(.text)
    pan1026::ParseMNG_LE()                   0x08002d79   Thumb Code   326  pan1026.o(.text)
    pan1026::ParseSPP()                      0x08002ebf   Thumb Code   152  pan1026.o(.text)
    pan1026::ParseMNG()                      0x08002f57   Thumb Code   600  pan1026.o(.text)
    pan1026::ParseHCI()                      0x080031af   Thumb Code   392  pan1026.o(.text)
    pan1026::Parse(unsigned char)            0x08003337   Thumb Code   260  pan1026.o(.text)
    pan1026::Step()                          0x0800343b   Thumb Code  5246  pan1026.o(.text)
    pan1026::Idle()                          0x080048b9   Thumb Code    16  pan1026.o(.text)
    pan1026::WaitForAnswer()                 0x080048c9   Thumb Code    18  pan1026.o(.text)
    pan1026::SendString(char*, unsigned short) 0x080048db   Thumb Code   534  pan1026.o(.text)
    __use_no_semihosting                     0x08004af1   Thumb Code     2  use_no_semi_2.o(.text)
    __2printf                                0x08004af5   Thumb Code    20  noretval__2printf.o(.text)
    __2sprintf                               0x08004b0d   Thumb Code    34  noretval__2sprintf.o(.text)
    _printf_pre_padding                      0x08004b35   Thumb Code    44  _printf_pad.o(.text)
    _printf_post_padding                     0x08004b61   Thumb Code    34  _printf_pad.o(.text)
    _printf_str                              0x08004b83   Thumb Code    82  _printf_str.o(.text)
    _printf_int_dec                          0x08004bd5   Thumb Code   104  _printf_dec.o(.text)
    _printf_int_hex                          0x08004c4d   Thumb Code    84  _printf_hex_int.o(.text)
    _printf_longlong_hex                     0x08004c4d   Thumb Code     0  _printf_hex_int.o(.text)
    __printf                                 0x08004ca5   Thumb Code   308  __printf_flags_wp.o(.text)
    strcpy                                   0x08004ddd   Thumb Code    72  strcpy.o(.text)
    strlen                                   0x08004e25   Thumb Code    62  strlen.o(.text)
    __aeabi_memcpy                           0x08004e63   Thumb Code     0  rt_memcpy_v6.o(.text)
    __rt_memcpy                              0x08004e63   Thumb Code   138  rt_memcpy_v6.o(.text)
    _memcpy_lastbytes                        0x08004ec9   Thumb Code     0  rt_memcpy_v6.o(.text)
    __aeabi_memclr                           0x08004eed   Thumb Code     0  rt_memclr.o(.text)
    __rt_memclr                              0x08004eed   Thumb Code    68  rt_memclr.o(.text)
    _memset                                  0x08004ef1   Thumb Code     0  rt_memclr.o(.text)
    __use_two_region_memory                  0x08004f31   Thumb Code     2  heapauxi.o(.text)
    __rt_heap_escrow                         0x08004f33   Thumb Code     2  heapauxi.o(.text)
    __rt_heap_expand                         0x08004f35   Thumb Code     2  heapauxi.o(.text)
    __cpp_initialize__aeabi_                 0x08004f39   Thumb Code    26  init_aeabi.o(.text)
    __I$use$semihosting                      0x08004f5d   Thumb Code     0  use_no_semi.o(.text)
    __use_no_semihosting_swi                 0x08004f5d   Thumb Code     2  use_no_semi.o(.text)
    __rt_ddtor_pointer_addr                  0x08004f61   Thumb Code     8  rt_ddtor_pointer_addr_intlibspace.o(.text)
    malloc                                   0x08004f69   Thumb Code    94  h1_alloc.o(.text)
    _printf_int_common                       0x08004fc7   Thumb Code   178  _printf_intcommon.o(.text)
    _printf_char_common                      0x08005083   Thumb Code    32  _printf_char_common.o(.text)
    _sputc                                   0x080050a9   Thumb Code    10  _sputc.o(.text)
    _printf_cs_common                        0x080050b3   Thumb Code    20  _printf_char.o(.text)
    _printf_char                             0x080050c7   Thumb Code    16  _printf_char.o(.text)
    _printf_string                           0x080050d7   Thumb Code     8  _printf_char.o(.text)
    _printf_char_file                        0x080050e1   Thumb Code    32  _printf_char_file.o(.text)
    __aeabi_memcpy4                          0x08005105   Thumb Code     0  rt_memcpy_w.o(.text)
    __aeabi_memcpy8                          0x08005105   Thumb Code     0  rt_memcpy_w.o(.text)
    __rt_memcpy_w                            0x08005105   Thumb Code   100  rt_memcpy_w.o(.text)
    _memcpy_lastbytes_aligned                0x0800514d   Thumb Code     0  rt_memcpy_w.o(.text)
    __aeabi_memclr4                          0x08005169   Thumb Code     0  rt_memclr_w.o(.text)
    __aeabi_memclr8                          0x08005169   Thumb Code     0  rt_memclr_w.o(.text)
    __rt_memclr_w                            0x08005169   Thumb Code    78  rt_memclr_w.o(.text)
    _memset_w                                0x0800516d   Thumb Code     0  rt_memclr_w.o(.text)
    __user_libspace                          0x080051b9   Thumb Code     8  libspace.o(.text)
    __user_perproc_libspace                  0x080051b9   Thumb Code     0  libspace.o(.text)
    __user_perthread_libspace                0x080051b9   Thumb Code     0  libspace.o(.text)
    __rt_heap_descriptor                     0x080051c1   Thumb Code     8  rt_heap_descriptor_intlibspace.o(.text)
    __use_no_heap                            0x080051c9   Thumb Code     2  hguard.o(.text)
    __heap$guard                             0x080051cb   Thumb Code     2  hguard.o(.text)
    _terminate_user_alloc                    0x080051cd   Thumb Code     2  init_alloc.o(.text)
    _init_user_alloc                         0x080051cf   Thumb Code     2  init_alloc.o(.text)
    __Heap_Full                              0x080051d1   Thumb Code    34  init_alloc.o(.text)
    __Heap_Broken                            0x080051f3   Thumb Code     6  init_alloc.o(.text)
    _init_alloc                              0x080051f9   Thumb Code    94  init_alloc.o(.text)
    __Heap_Initialize                        0x08005257   Thumb Code    10  h1_init.o(.text)
    __Heap_DescSize                          0x08005261   Thumb Code     4  h1_init.o(.text)
    free                                     0x08005265   Thumb Code    78  h1_free.o(.text)
    ferror                                   0x080052b3   Thumb Code     8  ferror.o(.text)
    __user_setup_stackheap                   0x080052bb   Thumb Code    74  sys_stackheap_outer.o(.text)
    __Heap_ProvideMemory                     0x08005305   Thumb Code    52  h1_extend.o(.text)
    exit                                     0x08005339   Thumb Code    12  exit.o(.text)
    __rt_SIGRTMEM                            0x08005345   Thumb Code    14  defsig_rtmem_outer.o(.text)
    __sig_exit                               0x08005353   Thumb Code    10  defsig_exit.o(.text)
    __rt_SIGRTMEM_inner                      0x0800535d   Thumb Code    22  defsig_rtmem_inner.o(.text)
    __default_signal_display                 0x080053ad   Thumb Code    50  defsig_general.o(.text)
    __aeabi_atexit                           0x080053df   Thumb Code    50  aeabi_atexit.o(i.__aeabi_atexit)
    __cxa_finalize                           0x08005411   Thumb Code    66  cxa_finalize.o(i.__cxa_finalize)
    _is_digit                                0x08005453   Thumb Code    14  __printf_wp.o(i._is_digit)
    Region$$Table$$Base                      0x080055a8   Number         0  anon$$obj.o(Region$$Table)
    Region$$Table$$Limit                     0x080055c8   Number         0  anon$$obj.o(Region$$Table)
    SHT$$INIT_ARRAY$$Base                    0x080055c8   Number         0  bt.o(.init_array)
    SHT$$INIT_ARRAY$$Limit                   0x080055cc   Number         0  init_aeabi.o(.init_array)
    __stdout                                 0x20000014   Data           4  stm32_usart.o(.data)
    Uart1_RcvCnt                             0x20000018   Data           2  stm32_usart.o(.data)
    Uart2_RcvCnt                             0x2000001a   Data           2  stm32_usart.o(.data)
    Uart3_RcvCnt                             0x2000001c   Data           2  stm32_usart.o(.data)
    ms_delay_counter                         0x20000020   Data           2  stm32f10x_it.o(.data)
    ms_delay                                 0x20000022   Data           2  stm32f10x_it.o(.data)
    ms_timer                                 0x20000024   Data           4  stm32f10x_it.o(.data)
    SystemCoreClock                          0x20000028   Data           4  system_stm32f10x.o(.data)
    AHBPrescTable                            0x2000002c   Data          16  system_stm32f10x.o(.data)
    bt_autodetect                            0x2000003c   Data           1  bt.o(.data)
    bt_module_type                           0x2000003d   Data           1  bt.o(.data)
    bt_uart                                  0x2000003e   Data           2  bt.o(.data)
    bt_reset_counter                         0x20000040   Data           4  bt.o(.data)
    bt_reset_counter_step                    0x20000044   Data           1  bt.o(.data)
    bt_device_connected                      0x20000045   Data           1  bt.o(.data)
    bt_module_state                          0x20000046   Data           1  bt.o(.data)
    device_id                                0x20000047   Data          11  common.o(.data)
    Uart3_pos                                0x20000052   Data           1  common.o(.data)
    Uart1_Buff                               0x20000054   Data         255  stm32_usart.o(.bss)
    Uart2_Buff                               0x20000153   Data         255  stm32_usart.o(.bss)
    Uart3_Buff                               0x20000252   Data         255  stm32_usart.o(.bss)
    bt_pan1026                               0x20000354   Data         200  bt.o(.bss)
    config                                   0x2000041c   Data          22  common.o(.bss)
    __libspace_start                         0x20000434   Data          96  libspace.o(.bss)
    __temporary_stack_top$libspace           0x20000494   Data           0  libspace.o(.bss)



==============================================================================

Memory Map of the image

  Image Entry point : 0x080000ed

  Load Region LR_IROM1 (Base: 0x08000000, Size: 0x00005620, Max: 0x00020000, ABSOLUTE)

    Execution Region ER_IROM1 (Base: 0x08000000, Size: 0x000055cc, Max: 0x00020000, ABSOLUTE)

    Base Addr    Size         Type   Attr      Idx    E Section Name        Object

    0x08000000   0x000000ec   Data   RO           19    RESET               startup_stm32f10x_md.o
    0x080000ec   0x00000008   Code   RO          535  * !!!main             c_w.l(__main.o)
    0x080000f4   0x00000034   Code   RO          834    !!!scatter          c_w.l(__scatter.o)
    0x08000128   0x0000001a   Code   RO          836    !!handler_copy      c_w.l(__scatter_copy.o)
    0x08000142   0x00000002   PAD
    0x08000144   0x0000001c   Code   RO          838    !!handler_zi        c_w.l(__scatter_zi.o)
    0x08000160   0x00000000   Code   RO          521    .ARM.Collect$$_printf_percent$$00000000  c_w.l(_printf_percent.o)
    0x08000160   0x00000006   Code   RO          520    .ARM.Collect$$_printf_percent$$00000009  c_w.l(_printf_d.o)
    0x08000166   0x00000006   Code   RO          519    .ARM.Collect$$_printf_percent$$0000000C  c_w.l(_printf_x.o)
    0x0800016c   0x00000006   Code   RO          518    .ARM.Collect$$_printf_percent$$00000013  c_w.l(_printf_c.o)
    0x08000172   0x00000004   Code   RO          620    .ARM.Collect$$_printf_percent$$00000017  c_w.l(_printf_percent_end.o)
    0x08000176   0x00000002   Code   RO          784    .ARM.Collect$$libinit$$00000000  c_w.l(libinit.o)
    0x08000178   0x00000000   Code   RO          626    .ARM.Collect$$libinit$$00000002  c_w.l(libinit2.o)
    0x08000178   0x00000000   Code   RO          628    .ARM.Collect$$libinit$$00000004  c_w.l(libinit2.o)
    0x08000178   0x00000008   Code   RO          629    .ARM.Collect$$libinit$$00000005  c_w.l(libinit2.o)
    0x08000180   0x00000000   Code   RO          631    .ARM.Collect$$libinit$$0000000A  c_w.l(libinit2.o)
    0x08000180   0x00000000   Code   RO          633    .ARM.Collect$$libinit$$0000000C  c_w.l(libinit2.o)
    0x08000180   0x00000000   Code   RO          635    .ARM.Collect$$libinit$$0000000E  c_w.l(libinit2.o)
    0x08000180   0x00000000   Code   RO          638    .ARM.Collect$$libinit$$00000011  c_w.l(libinit2.o)
    0x08000180   0x00000000   Code   RO          640    .ARM.Collect$$libinit$$00000013  c_w.l(libinit2.o)
    0x08000180   0x00000000   Code   RO          642    .ARM.Collect$$libinit$$00000015  c_w.l(libinit2.o)
    0x08000180   0x00000000   Code   RO          644    .ARM.Collect$$libinit$$00000017  c_w.l(libinit2.o)
    0x08000180   0x00000000   Code   RO          646    .ARM.Collect$$libinit$$00000019  c_w.l(libinit2.o)
    0x08000180   0x00000000   Code   RO          648    .ARM.Collect$$libinit$$0000001B  c_w.l(libinit2.o)
    0x08000180   0x00000000   Code   RO          650    .ARM.Collect$$libinit$$0000001D  c_w.l(libinit2.o)
    0x08000180   0x00000000   Code   RO          652    .ARM.Collect$$libinit$$0000001F  c_w.l(libinit2.o)
    0x08000180   0x00000000   Code   RO          654    .ARM.Collect$$libinit$$00000021  c_w.l(libinit2.o)
    0x08000180   0x00000000   Code   RO          656    .ARM.Collect$$libinit$$00000023  c_w.l(libinit2.o)
    0x08000180   0x00000000   Code   RO          658    .ARM.Collect$$libinit$$00000025  c_w.l(libinit2.o)
    0x08000180   0x00000000   Code   RO          662    .ARM.Collect$$libinit$$0000002C  c_w.l(libinit2.o)
    0x08000180   0x00000000   Code   RO          664    .ARM.Collect$$libinit$$0000002E  c_w.l(libinit2.o)
    0x08000180   0x00000000   Code   RO          666    .ARM.Collect$$libinit$$00000030  c_w.l(libinit2.o)
    0x08000180   0x00000004   Code   RO          667    .ARM.Collect$$libinit$$00000031  c_w.l(libinit2.o)
    0x08000184   0x00000000   Code   RO          668    .ARM.Collect$$libinit$$00000032  c_w.l(libinit2.o)
    0x08000184   0x00000002   Code   RO          669    .ARM.Collect$$libinit$$00000033  c_w.l(libinit2.o)
    0x08000186   0x00000002   Code   RO          815    .ARM.Collect$$libshutdown$$00000000  c_w.l(libshutdown.o)
    0x08000188   0x00000006   Code   RO          670    .ARM.Collect$$libshutdown$$00000001  c_w.l(libshutdown2.o)
    0x0800018e   0x00000000   Code   RO          672    .ARM.Collect$$libshutdown$$00000003  c_w.l(libshutdown2.o)
    0x0800018e   0x00000000   Code   RO          675    .ARM.Collect$$libshutdown$$00000006  c_w.l(libshutdown2.o)
    0x0800018e   0x00000000   Code   RO          678    .ARM.Collect$$libshutdown$$00000009  c_w.l(libshutdown2.o)
    0x0800018e   0x00000000   Code   RO          680    .ARM.Collect$$libshutdown$$0000000B  c_w.l(libshutdown2.o)
    0x0800018e   0x00000000   Code   RO          683    .ARM.Collect$$libshutdown$$0000000E  c_w.l(libshutdown2.o)
    0x0800018e   0x00000002   Code   RO          684    .ARM.Collect$$libshutdown$$0000000F  c_w.l(libshutdown2.o)
    0x08000190   0x00000000   Code   RO          548    .ARM.Collect$$rtentry$$00000000  c_w.l(__rtentry.o)
    0x08000190   0x00000000   Code   RO          697    .ARM.Collect$$rtentry$$00000002  c_w.l(__rtentry2.o)
    0x08000190   0x00000006   Code   RO          709    .ARM.Collect$$rtentry$$00000004  c_w.l(__rtentry4.o)
    0x08000196   0x00000000   Code   RO          699    .ARM.Collect$$rtentry$$00000009  c_w.l(__rtentry2.o)
    0x08000196   0x00000004   Code   RO          700    .ARM.Collect$$rtentry$$0000000A  c_w.l(__rtentry2.o)
    0x0800019a   0x00000000   Code   RO          702    .ARM.Collect$$rtentry$$0000000C  c_w.l(__rtentry2.o)
    0x0800019a   0x00000008   Code   RO          703    .ARM.Collect$$rtentry$$0000000D  c_w.l(__rtentry2.o)
    0x080001a2   0x00000002   Code   RO          786    .ARM.Collect$$rtexit$$00000000  c_w.l(rtexit.o)
    0x080001a4   0x00000000   Code   RO          797    .ARM.Collect$$rtexit$$00000002  c_w.l(rtexit2.o)
    0x080001a4   0x00000004   Code   RO          798    .ARM.Collect$$rtexit$$00000003  c_w.l(rtexit2.o)
    0x080001a8   0x00000006   Code   RO          799    .ARM.Collect$$rtexit$$00000004  c_w.l(rtexit2.o)
    0x080001ae   0x00000002   PAD
    0x080001b0   0x00000000   Code   RO          760    .emb_text           c_w.l(maybetermalloc1.o)
    0x080001b0   0x00000040   Code   RO           20    .text               startup_stm32f10x_md.o
    0x080001f0   0x000000dc   Code   RO           24    .text               misc.o
    0x080002cc   0x0000035c   Code   RO           72    .text               stm32f10x_gpio.o
    0x08000628   0x000003ac   Code   RO           84    .text               stm32f10x_rcc.o
    0x080009d4   0x00000e1a   Code   RO           98    .text               stm32f10x_tim.o
    0x080017ee   0x00000002   PAD
    0x080017f0   0x00000408   Code   RO          110    .text               stm32f10x_usart.o
    0x08001bf8   0x00000088   Code   RO          122    .text               led.o
    0x08001c80   0x000000c4   Code   RO          172    .text               timer.o
    0x08001d44   0x00000030   Code   RO          184    .text               delay.o
    0x08001d74   0x0000000c   Code   RO          196    .text               sys.o
    0x08001d80   0x00000394   Code   RO          208    .text               stm32_usart.o
    0x08002114   0x00000170   Code   RO          234    .text               main.o
    0x08002284   0x00000044   Code   RO          254    .text               stm32f10x_it.o
    0x080022c8   0x000001e8   Code   RO          289    .text               system_stm32f10x.o
    0x080024b0   0x000003b0   Code   RO          311    .text               bt.o
    0x08002860   0x00000194   Code   RO          393    .text               common.o
    0x080029f4   0x000020fc   Code   RO          442    .text               pan1026.o
    0x08004af0   0x00000002   Code   RO          459    .text               c_w.l(use_no_semi_2.o)
    0x08004af2   0x00000002   PAD
    0x08004af4   0x00000018   Code   RO          465    .text               c_w.l(noretval__2printf.o)
    0x08004b0c   0x00000028   Code   RO          467    .text               c_w.l(noretval__2sprintf.o)
    0x08004b34   0x0000004e   Code   RO          471    .text               c_w.l(_printf_pad.o)
    0x08004b82   0x00000052   Code   RO          473    .text               c_w.l(_printf_str.o)
    0x08004bd4   0x00000078   Code   RO          475    .text               c_w.l(_printf_dec.o)
    0x08004c4c   0x00000058   Code   RO          480    .text               c_w.l(_printf_hex_int.o)
    0x08004ca4   0x00000138   Code   RO          510    .text               c_w.l(__printf_flags_wp.o)
    0x08004ddc   0x00000048   Code   RO          525    .text               c_w.l(strcpy.o)
    0x08004e24   0x0000003e   Code   RO          527    .text               c_w.l(strlen.o)
    0x08004e62   0x0000008a   Code   RO          529    .text               c_w.l(rt_memcpy_v6.o)
    0x08004eec   0x00000044   Code   RO          531    .text               c_w.l(rt_memclr.o)
    0x08004f30   0x00000006   Code   RO          533    .text               c_w.l(heapauxi.o)
    0x08004f36   0x00000002   PAD
    0x08004f38   0x00000024   Code   RO          540    .text               c_w.l(init_aeabi.o)
    0x08004f5c   0x00000002   Code   RO          546    .text               c_w.l(use_no_semi.o)
    0x08004f5e   0x00000002   PAD
    0x08004f60   0x00000008   Code   RO          552    .text               c_w.l(rt_ddtor_pointer_addr_intlibspace.o)
    0x08004f68   0x0000005e   Code   RO          556    .text               c_w.l(h1_alloc.o)
    0x08004fc6   0x000000b2   Code   RO          610    .text               c_w.l(_printf_intcommon.o)
    0x08005078   0x00000030   Code   RO          612    .text               c_w.l(_printf_char_common.o)
    0x080050a8   0x0000000a   Code   RO          614    .text               c_w.l(_sputc.o)
    0x080050b2   0x0000002c   Code   RO          616    .text               c_w.l(_printf_char.o)
    0x080050de   0x00000002   PAD
    0x080050e0   0x00000024   Code   RO          618    .text               c_w.l(_printf_char_file.o)
    0x08005104   0x00000064   Code   RO          621    .text               c_w.l(rt_memcpy_w.o)
    0x08005168   0x0000004e   Code   RO          623    .text               c_w.l(rt_memclr_w.o)
    0x080051b6   0x00000002   PAD
    0x080051b8   0x00000008   Code   RO          691    .text               c_w.l(libspace.o)
    0x080051c0   0x00000008   Code   RO          714    .text               c_w.l(rt_heap_descriptor_intlibspace.o)
    0x080051c8   0x00000004   Code   RO          716    .text               c_w.l(hguard.o)
    0x080051cc   0x0000008a   Code   RO          718    .text               c_w.l(init_alloc.o)
    0x08005256   0x0000000e   Code   RO          724    .text               c_w.l(h1_init.o)
    0x08005264   0x0000004e   Code   RO          726    .text               c_w.l(h1_free.o)
    0x080052b2   0x00000008   Code   RO          744    .text               c_w.l(ferror.o)
    0x080052ba   0x0000004a   Code   RO          756    .text               c_w.l(sys_stackheap_outer.o)
    0x08005304   0x00000034   Code   RO          762    .text               c_w.l(h1_extend.o)
    0x08005338   0x0000000c   Code   RO          766    .text               c_w.l(exit.o)
    0x08005344   0x0000000e   Code   RO          768    .text               c_w.l(defsig_rtmem_outer.o)
    0x08005352   0x0000000a   Code   RO          792    .text               c_w.l(defsig_exit.o)
    0x0800535c   0x00000050   Code   RO          794    .text               c_w.l(defsig_rtmem_inner.o)
    0x080053ac   0x00000032   Code   RO          809    .text               c_w.l(defsig_general.o)
    0x080053de   0x00000032   Code   RO          543    i.__aeabi_atexit    cpprt_w.l(aeabi_atexit.o)
    0x08005410   0x00000042   Code   RO          688    i.__cxa_finalize    cpprt_w.l(cxa_finalize.o)
    0x08005452   0x0000000e   Code   RO          508    i._is_digit         c_w.l(__printf_wp.o)
    0x08005460   0x0000010f   Data   RO          444    .constdata          pan1026.o
    0x0800556f   0x00000028   Data   RO          481    .constdata          c_w.l(_printf_hex_int.o)
    0x08005597   0x00000011   Data   RO          511    .constdata          c_w.l(__printf_flags_wp.o)
    0x080055a8   0x00000020   Data   RO          832    Region$$Table       anon$$obj.o
    0x080055c8   0x00000004   Data   RO          315    .init_array         bt.o
    0x080055cc   0x00000000   Data   RO          538    .init_array         c_w.l(init_aeabi.o)


    Execution Region RW_IRAM1 (Base: 0x20000000, Size: 0x00000a98, Max: 0x00005000, ABSOLUTE)

    Base Addr    Size         Type   Attr      Idx    E Section Name        Object

    0x20000000   0x00000014   Data   RW           85    .data               stm32f10x_rcc.o
    0x20000014   0x0000000a   Data   RW          210    .data               stm32_usart.o
    0x2000001e   0x00000001   Data   RW          235    .data               main.o
    0x2000001f   0x00000001   PAD
    0x20000020   0x00000008   Data   RW          255    .data               stm32f10x_it.o
    0x20000028   0x00000014   Data   RW          290    .data               system_stm32f10x.o
    0x2000003c   0x0000000b   Data   RW          314    .data               bt.o
    0x20000047   0x0000000c   Data   RW          396    .data               common.o
    0x20000053   0x00000001   PAD
    0x20000054   0x000002fd   Zero   RW          209    .bss                stm32_usart.o
    0x20000351   0x00000003   PAD
    0x20000354   0x000000c8   Zero   RW          313    .bss                bt.o
    0x2000041c   0x00000016   Zero   RW          395    .bss                common.o
    0x20000432   0x00000002   PAD
    0x20000434   0x00000060   Zero   RW          692    .bss                c_w.l(libspace.o)
    0x20000494   0x00000004   PAD
    0x20000498   0x00000200   Zero   RW           18    HEAP                startup_stm32f10x_md.o
    0x20000698   0x00000400   Zero   RW           17    STACK               startup_stm32f10x_md.o


==============================================================================

Image component sizes


      Code (inc. data)   RO Data    RW Data    ZI Data      Debug   Object Name

       944        324          4         11        200       9990   bt.o
       404         72          0         12         22       6164   common.o
         0          0          0          0          0       4520   core_cm3.o
        48          4          0          0          0        647   delay.o
       136         18          0          0          0        491   led.o
       368         54          0          1          0      15802   main.o
       220         22          0          0          0     248389   misc.o
      8444        262        271          0          0      12765   pan1026.o
        64         26        236          0       1536        764   startup_stm32f10x_md.o
       916         44          0         10        765       5507   stm32_usart.o
       860         38          0          0          0       5573   stm32f10x_gpio.o
        68         12          0          8          0     203343   stm32f10x_it.o
       940         44          0         20          0       8704   stm32f10x_rcc.o
      3610         88          0          0          0      22056   stm32f10x_tim.o
      1032         22          0          0          0       8296   stm32f10x_usart.o
        12          0          0          0          0        413   sys.o
       488         46          0         20          0       1631   system_stm32f10x.o
       196         22          0          0          0        834   timer.o

    ----------------------------------------------------------------------
     18752       1098        543         84       2528     555889   Object Totals
         0          0         32          0          0          0   (incl. Generated)
         2          0          0          2          5          0   (incl. Padding)

    ----------------------------------------------------------------------

      Code (inc. data)   RO Data    RW Data    ZI Data      Debug   Library Member Name

         8          0          0          0          0         68   __main.o
       312          4         17          0          0         92   __printf_flags_wp.o
        14          0          0          0          0         68   __printf_wp.o
         0          0          0          0          0          0   __rtentry.o
        12          0          0          0          0          0   __rtentry2.o
         6          0          0          0          0          0   __rtentry4.o
        52          8          0          0          0          0   __scatter.o
        26          0          0          0          0          0   __scatter_copy.o
        28          0          0          0          0          0   __scatter_zi.o
         6          0          0          0          0          0   _printf_c.o
        44          0          0          0          0        108   _printf_char.o
        48          6          0          0          0         96   _printf_char_common.o
        36          4          0          0          0         80   _printf_char_file.o
         6          0          0          0          0          0   _printf_d.o
       120         16          0          0          0         92   _printf_dec.o
        88          4         40          0          0         88   _printf_hex_int.o
       178          0          0          0          0         88   _printf_intcommon.o
        78          0          0          0          0        108   _printf_pad.o
         0          0          0          0          0          0   _printf_percent.o
         4          0          0          0          0          0   _printf_percent_end.o
        82          0          0          0          0         80   _printf_str.o
         6          0          0          0          0          0   _printf_x.o
        10          0          0          0          0         68   _sputc.o
        10          0          0          0          0         68   defsig_exit.o
        50          0          0          0          0         88   defsig_general.o
        80         58          0          0          0         76   defsig_rtmem_inner.o
        14          0          0          0          0         80   defsig_rtmem_outer.o
        12          0          0          0          0         72   exit.o
         8          0          0          0          0         68   ferror.o
        94          0          0          0          0         80   h1_alloc.o
        52          0          0          0          0         68   h1_extend.o
        78          0          0          0          0         80   h1_free.o
        14          0          0          0          0         84   h1_init.o
         6          0          0          0          0        152   heapauxi.o
         4          0          0          0          0        136   hguard.o
        36         10          0          0          0         80   init_aeabi.o
       138          0          0          0          0        168   init_alloc.o
         2          0          0          0          0          0   libinit.o
        14          0          0          0          0          0   libinit2.o
         2          0          0          0          0          0   libshutdown.o
         8          0          0          0          0          0   libshutdown2.o
         8          4          0          0         96         68   libspace.o
         0          0          0          0          0          0   maybetermalloc1.o
        24          4          0          0          0         84   noretval__2printf.o
        40          6          0          0          0         84   noretval__2sprintf.o
         8          4          0          0          0         68   rt_ddtor_pointer_addr_intlibspace.o
         8          4          0          0          0         68   rt_heap_descriptor_intlibspace.o
        68          0          0          0          0         68   rt_memclr.o
        78          0          0          0          0         80   rt_memclr_w.o
       138          0          0          0          0         68   rt_memcpy_v6.o
       100          0          0          0          0         80   rt_memcpy_w.o
         2          0          0          0          0          0   rtexit.o
        10          0          0          0          0          0   rtexit2.o
        72          0          0          0          0         80   strcpy.o
        62          0          0          0          0         76   strlen.o
        74          0          0          0          0         80   sys_stackheap_outer.o
         2          0          0          0          0         68   use_no_semi.o
         2          0          0          0          0         68   use_no_semi_2.o
        50          0          0          0          0         84   aeabi_atexit.o
        66          0          0          0          0         84   cxa_finalize.o

    ----------------------------------------------------------------------
      2612        132         57          0        100       3544   Library Totals
        14          0          0          0          4          0   (incl. Padding)

    ----------------------------------------------------------------------

      Code (inc. data)   RO Data    RW Data    ZI Data      Debug   Library Name

      2482        132         57          0         96       3376   c_w.l
       116          0          0          0          0        168   cpprt_w.l

    ----------------------------------------------------------------------
      2612        132         57          0        100       3544   Library Totals

    ----------------------------------------------------------------------

==============================================================================


      Code (inc. data)   RO Data    RW Data    ZI Data      Debug   

     21364       1230        600         84       2628     555841   Grand Totals
     21364       1230        600         84       2628     555841   ELF Image Totals
     21364       1230        600         84          0          0   ROM Totals

==============================================================================

    Total RO  Size (Code + RO Data)                21964 (  21.45kB)
    Total RW  Size (RW Data + ZI Data)              2712 (   2.65kB)
    Total ROM Size (Code + RO Data + RW Data)      22048 (  21.53kB)

==============================================================================

